Archive member included to satisfy reference by file (symbol)

c:/ac6/systemworkbench/plugins/fr.ac6.mcu.externaltools.arm-none.win32_1.17.0.201812190825/tools/compiler/bin/../lib/gcc/arm-none-eabi/7.3.1/thumb/v7e-m/fpv4-sp/hard\libgcc.a(_arm_addsubdf3.o)
                              Src/main.o (__aeabi_dsub)
c:/ac6/systemworkbench/plugins/fr.ac6.mcu.externaltools.arm-none.win32_1.17.0.201812190825/tools/compiler/bin/../lib/gcc/arm-none-eabi/7.3.1/thumb/v7e-m/fpv4-sp/hard\libgcc.a(_arm_muldivdf3.o)
                              Src/main.o (__aeabi_dmul)
c:/ac6/systemworkbench/plugins/fr.ac6.mcu.externaltools.arm-none.win32_1.17.0.201812190825/tools/compiler/bin/../lib/gcc/arm-none-eabi/7.3.1/thumb/v7e-m/fpv4-sp/hard\libgcc.a(_arm_cmpdf2.o)
                              Src/main.o (__aeabi_dcmplt)
c:/ac6/systemworkbench/plugins/fr.ac6.mcu.externaltools.arm-none.win32_1.17.0.201812190825/tools/compiler/bin/../lib/gcc/arm-none-eabi/7.3.1/thumb/v7e-m/fpv4-sp/hard\libgcc.a(_arm_fixdfsi.o)
                              Src/main.o (__aeabi_d2iz)
c:/ac6/systemworkbench/plugins/fr.ac6.mcu.externaltools.arm-none.win32_1.17.0.201812190825/tools/compiler/bin/../lib/gcc/arm-none-eabi/7.3.1/thumb/v7e-m/fpv4-sp/hard\libgcc.a(_arm_fixunsdfsi.o)
                              Src/varvtal.o (__aeabi_d2uiz)
c:/ac6/systemworkbench/plugins/fr.ac6.mcu.externaltools.arm-none.win32_1.17.0.201812190825/tools/compiler/bin/../lib/gcc/arm-none-eabi/7.3.1/thumb/v7e-m/fpv4-sp/hard\libgcc.a(_aeabi_ldivmod.o)
                              Drivers/STM32F4xx_HAL_Driver/Src/stm32f4xx_hal_rcc.o (__aeabi_ldivmod)
c:/ac6/systemworkbench/plugins/fr.ac6.mcu.externaltools.arm-none.win32_1.17.0.201812190825/tools/compiler/bin/../lib/gcc/arm-none-eabi/7.3.1/thumb/v7e-m/fpv4-sp/hard\libgcc.a(_aeabi_uldivmod.o)
                              Drivers/STM32F4xx_HAL_Driver/Src/stm32f4xx_hal_rcc.o (__aeabi_uldivmod)
c:/ac6/systemworkbench/plugins/fr.ac6.mcu.externaltools.arm-none.win32_1.17.0.201812190825/tools/compiler/bin/../lib/gcc/arm-none-eabi/7.3.1/thumb/v7e-m/fpv4-sp/hard\libgcc.a(_udivmoddi4.o)
                              c:/ac6/systemworkbench/plugins/fr.ac6.mcu.externaltools.arm-none.win32_1.17.0.201812190825/tools/compiler/bin/../lib/gcc/arm-none-eabi/7.3.1/thumb/v7e-m/fpv4-sp/hard\libgcc.a(_aeabi_ldivmod.o) (__udivmoddi4)
c:/ac6/systemworkbench/plugins/fr.ac6.mcu.externaltools.arm-none.win32_1.17.0.201812190825/tools/compiler/bin/../lib/gcc/arm-none-eabi/7.3.1/thumb/v7e-m/fpv4-sp/hard\libgcc.a(_dvmd_tls.o)
                              c:/ac6/systemworkbench/plugins/fr.ac6.mcu.externaltools.arm-none.win32_1.17.0.201812190825/tools/compiler/bin/../lib/gcc/arm-none-eabi/7.3.1/thumb/v7e-m/fpv4-sp/hard\libgcc.a(_aeabi_ldivmod.o) (__aeabi_ldiv0)
c:/ac6/systemworkbench/plugins/fr.ac6.mcu.externaltools.arm-none.win32_1.17.0.201812190825/tools/compiler/bin/../lib/gcc/arm-none-eabi/7.3.1/../../../../arm-none-eabi/lib/thumb/v7e-m/fpv4-sp/hard\libc_nano.a(lib_a-efgcvt.o)
                              Src/main.o (gcvt)
c:/ac6/systemworkbench/plugins/fr.ac6.mcu.externaltools.arm-none.win32_1.17.0.201812190825/tools/compiler/bin/../lib/gcc/arm-none-eabi/7.3.1/../../../../arm-none-eabi/lib/thumb/v7e-m/fpv4-sp/hard\libc_nano.a(lib_a-errno.o)
                              Src/syscalls.o (__errno)
c:/ac6/systemworkbench/plugins/fr.ac6.mcu.externaltools.arm-none.win32_1.17.0.201812190825/tools/compiler/bin/../lib/gcc/arm-none-eabi/7.3.1/../../../../arm-none-eabi/lib/thumb/v7e-m/fpv4-sp/hard\libc_nano.a(lib_a-exit.o)
                              c:/ac6/systemworkbench/plugins/fr.ac6.mcu.externaltools.arm-none.win32_1.17.0.201812190825/tools/compiler/bin/../lib/gcc/arm-none-eabi/7.3.1/../../../../arm-none-eabi/lib/thumb/v7e-m/fpv4-sp/hard/crt0.o (exit)
c:/ac6/systemworkbench/plugins/fr.ac6.mcu.externaltools.arm-none.win32_1.17.0.201812190825/tools/compiler/bin/../lib/gcc/arm-none-eabi/7.3.1/../../../../arm-none-eabi/lib/thumb/v7e-m/fpv4-sp/hard\libc_nano.a(lib_a-impure.o)
                              c:/ac6/systemworkbench/plugins/fr.ac6.mcu.externaltools.arm-none.win32_1.17.0.201812190825/tools/compiler/bin/../lib/gcc/arm-none-eabi/7.3.1/../../../../arm-none-eabi/lib/thumb/v7e-m/fpv4-sp/hard\libc_nano.a(lib_a-exit.o) (_global_impure_ptr)
c:/ac6/systemworkbench/plugins/fr.ac6.mcu.externaltools.arm-none.win32_1.17.0.201812190825/tools/compiler/bin/../lib/gcc/arm-none-eabi/7.3.1/../../../../arm-none-eabi/lib/thumb/v7e-m/fpv4-sp/hard\libc_nano.a(lib_a-init.o)
                              c:/ac6/systemworkbench/plugins/fr.ac6.mcu.externaltools.arm-none.win32_1.17.0.201812190825/tools/compiler/bin/../lib/gcc/arm-none-eabi/7.3.1/../../../../arm-none-eabi/lib/thumb/v7e-m/fpv4-sp/hard/crt0.o (__libc_init_array)
c:/ac6/systemworkbench/plugins/fr.ac6.mcu.externaltools.arm-none.win32_1.17.0.201812190825/tools/compiler/bin/../lib/gcc/arm-none-eabi/7.3.1/../../../../arm-none-eabi/lib/thumb/v7e-m/fpv4-sp/hard\libc_nano.a(lib_a-memset.o)
[...]
Memory Configuration

Name             Origin             Length             Attributes
RAM              0x20000000         0x00018000         xrw
FLASH            0x08000000         0x00080000         xr
*default*        0x00000000         0xffffffff

Linker script and memory map

LOAD c:/ac6/systemworkbench/plugins/fr.ac6.mcu.externaltools.arm-none.win32_1.17.0.201812190825/tools/compiler/bin/../lib/gcc/arm-none-eabi/7.3.1/thumb/v7e-m/fpv4-sp/hard/crti.o
LOAD c:/ac6/systemworkbench/plugins/fr.ac6.mcu.externaltools.arm-none.win32_1.17.0.201812190825/tools/compiler/bin/../lib/gcc/arm-none-eabi/7.3.1/thumb/v7e-m/fpv4-sp/hard/crtbegin.o
LOAD c:/ac6/systemworkbench/plugins/fr.ac6.mcu.externaltools.arm-none.win32_1.17.0.201812190825/tools/compiler/bin/../lib/gcc/arm-none-eabi/7.3.1/../../../../arm-none-eabi/lib/thumb/v7e-m/fpv4-sp/hard/crt0.o
LOAD Drivers/STM32F4xx_HAL_Driver/Src/stm32f4xx_hal.o
LOAD Drivers/STM32F4xx_HAL_Driver/Src/stm32f4xx_hal_cortex.o
LOAD Drivers/STM32F4xx_HAL_Driver/Src/stm32f4xx_hal_dma.o
LOAD Drivers/STM32F4xx_HAL_Driver/Src/stm32f4xx_hal_dma_ex.o
LOAD Drivers/STM32F4xx_HAL_Driver/Src/stm32f4xx_hal_flash.o
LOAD Drivers/STM32F4xx_HAL_Driver/Src/stm32f4xx_hal_flash_ex.o
LOAD Drivers/STM32F4xx_HAL_Driver/Src/stm32f4xx_hal_flash_ramfunc.o
LOAD Drivers/STM32F4xx_HAL_Driver/Src/stm32f4xx_hal_gpio.o
LOAD Drivers/STM32F4xx_HAL_Driver/Src/stm32f4xx_hal_i2c.o
LOAD Drivers/STM32F4xx_HAL_Driver/Src/stm32f4xx_hal_i2c_ex.o
LOAD Drivers/STM32F4xx_HAL_Driver/Src/stm32f4xx_hal_pwr.o
LOAD Drivers/STM32F4xx_HAL_Driver/Src/stm32f4xx_hal_pwr_ex.o
LOAD Drivers/STM32F4xx_HAL_Driver/Src/stm32f4xx_hal_rcc.o
LOAD Drivers/STM32F4xx_HAL_Driver/Src/stm32f4xx_hal_rcc_ex.o
LOAD Drivers/STM32F4xx_HAL_Driver/Src/stm32f4xx_hal_tim.o
LOAD Drivers/STM32F4xx_HAL_Driver/Src/stm32f4xx_hal_tim_ex.o
LOAD Drivers/STM32F4xx_HAL_Driver/Src/stm32f4xx_hal_uart.o
LOAD Src/DistSensor.o
LOAD Src/gpio.o
LOAD Src/i2c.o
LOAD Src/main.o
LOAD Src/motorstyrning.o
LOAD Src/stm32f4xx_hal_msp.o
LOAD Src/stm32f4xx_it.o
LOAD Src/syscalls.o
LOAD Src/system_stm32f4xx.o
LOAD Src/tcs3472.o
LOAD Src/varvtal.o
LOAD VL53L0X_1.0.2/Api/core/src/vl53l0x_api.o
LOAD VL53L0X_1.0.2/Api/core/src/vl53l0x_api_calibration.o
LOAD VL53L0X_1.0.2/Api/core/src/vl53l0x_api_core.o
LOAD VL53L0X_1.0.2/Api/core/src/vl53l0x_api_ranging.o
LOAD VL53L0X_1.0.2/Api/core/src/vl53l0x_api_strings.o
LOAD VL53L0X_1.0.2/Api/platform/src/vl53l0x_i2c_win_serial_comms.o
LOAD VL53L0X_1.0.2/Api/platform/src/vl53l0x_platform.o
LOAD VL53L0X_1.0.2/Api/platform/src/vl53l0x_platform_log.o
LOAD startup/startup_stm32f401xe.o
LOAD c:/ac6/systemworkbench/plugins/fr.ac6.mcu.externaltools.arm-none.win32_1.17.0.201812190825/tools/compiler/bin/../lib/gcc/arm-none-eabi/7.3.1/../../../../arm-none-eabi/lib/thumb/v7e-m/fpv4-sp/hard\libm.a
START GROUP
LOAD c:/ac6/systemworkbench/plugins/fr.ac6.mcu.externaltools.arm-none.win32_1.17.0.201812190825/tools/compiler/bin/../lib/gcc/arm-none-eabi/7.3.1/thumb/v7e-m/fpv4-sp/hard\libgcc.a
LOAD c:/ac6/systemworkbench/plugins/fr.ac6.mcu.externaltools.arm-none.win32_1.17.0.201812190825/tools/compiler/bin/../lib/gcc/arm-none-eabi/7.3.1/../../../../arm-none-eabi/lib/thumb/v7e-m/fpv4-sp/hard\libc_nano.a
END GROUP
START GROUP
LOAD c:/ac6/systemworkbench/plugins/fr.ac6.mcu.externaltools.arm-none.win32_1.17.0.201812190825/tools/compiler/bin/../lib/gcc/arm-none-eabi/7.3.1/thumb/v7e-m/fpv4-sp/hard\libgcc.a
LOAD c:/ac6/systemworkbench/plugins/fr.ac6.mcu.externaltools.arm-none.win32_1.17.0.201812190825/tools/compiler/bin/../lib/gcc/arm-none-eabi/7.3.1/../../../../arm-none-eabi/lib/thumb/v7e-m/fpv4-sp/hard\libc_nano.a
LOAD c:/ac6/systemworkbench/plugins/fr.ac6.mcu.externaltools.arm-none.win32_1.17.0.201812190825/tools/compiler/bin/../lib/gcc/arm-none-eabi/7.3.1/../../../../arm-none-eabi/lib/thumb/v7e-m/fpv4-sp/hard\libnosys.a
END GROUP
START GROUP
LOAD c:/ac6/systemworkbench/plugins/fr.ac6.mcu.externaltools.arm-none.win32_1.17.0.201812190825/tools/compiler/bin/../lib/gcc/arm-none-eabi/7.3.1/thumb/v7e-m/fpv4-sp/hard\libgcc.a
LOAD c:/ac6/systemworkbench/plugins/fr.ac6.mcu.externaltools.arm-none.win32_1.17.0.201812190825/tools/compiler/bin/../lib/gcc/arm-none-eabi/7.3.1/../../../../arm-none-eabi/lib/thumb/v7e-m/fpv4-sp/hard\libc_nano.a
LOAD c:/ac6/systemworkbench/plugins/fr.ac6.mcu.externaltools.arm-none.win32_1.17.0.201812190825/tools/compiler/bin/../lib/gcc/arm-none-eabi/7.3.1/../../../../arm-none-eabi/lib/thumb/v7e-m/fpv4-sp/hard\libnosys.a
END GROUP
LOAD c:/ac6/systemworkbench/plugins/fr.ac6.mcu.externaltools.arm-none.win32_1.17.0.201812190825/tools/compiler/bin/../lib/gcc/arm-none-eabi/7.3.1/thumb/v7e-m/fpv4-sp/hard/crtend.o
LOAD c:/ac6/systemworkbench/plugins/fr.ac6.mcu.externaltools.arm-none.win32_1.17.0.201812190825/tools/compiler/bin/../lib/gcc/arm-none-eabi/7.3.1/thumb/v7e-m/fpv4-sp/hard/crtn.o
                0x20018000                _estack = 0x20018000
                0x00000200                _Min_Heap_Size = 0x200
                0x00000400                _Min_Stack_Size = 0x400

.isr_vector     0x08000000      0x194
                0x08000000                . = ALIGN (0x4)
 *(.isr_vector)
 .isr_vector    0x08000000      0x194 startup/startup_stm32f401xe.o
                0x08000000                g_pfnVectors
                0x08000194                . = ALIGN (0x4)

.text           0x08000198     0x9694
                0x08000198                . = ALIGN (0x4)
 *(.text)
 .text          0x08000198       0x40 c:/ac6/systemworkbench/plugins/fr.ac6.mcu.externaltools.arm-none.win32_1.17.0.201812190825/tools/compiler/bin/../lib/gcc/arm-none-eabi/7.3.1/thumb/v7e-m/fpv4-sp/hard/crtbegin.o
 .text          0x080001d8      0x378 c:/ac6/systemworkbench/plugins/fr.ac6.mcu.externaltools.arm-none.win32_1.17.0.201812190825/tools/compiler/bin/../lib/gcc/arm-none-eabi/7.3.1/thumb/v7e-m/fpv4-sp/hard\libgcc.a(_arm_addsubdf3.o)
                0x080001d8                __aeabi_drsub
                0x080001e0                __aeabi_dsub
                0x080001e0                __subdf3
                0x080001e4                __aeabi_dadd
                0x080001e4                __adddf3
                0x0800045c                __floatunsidf
                0x0800045c                __aeabi_ui2d
                0x0800047c                __floatsidf
                0x0800047c                __aeabi_i2d
                0x080004a0                __aeabi_f2d
                0x080004a0                __extendsfdf2
                0x080004e4                __floatundidf
                0x080004e4                __aeabi_ul2d
                0x080004f4                __floatdidf
                0x080004f4                __aeabi_l2d
 .text          0x08000550      0x424 c:/ac6/systemworkbench/plugins/fr.ac6.mcu.externaltools.arm-none.win32_1.17.0.201812190825/tools/compiler/bin/../lib/gcc/arm-none-eabi/7.3.1/thumb/v7e-m/fpv4-sp/hard\libgcc.a(_arm_muldivdf3.o)
                0x08000550                __aeabi_dmul
                0x08000550                __muldf3
                0x080007a4                __divdf3
                0x080007a4                __aeabi_ddiv
 .text          0x08000974      0x110 c:/ac6/systemworkbench/plugins/fr.ac6.mcu.externaltools.arm-none.win32_1.17.0.201812190825/tools/compiler/bin/../lib/gcc/arm-none-eabi/7.3.1/thumb/v7e-m/fpv4-sp/hard\libgcc.a(_arm_cmpdf2.o)
                0x08000974                __gtdf2
                0x08000974                __gedf2
                0x0800097c                __ltdf2
                0x0800097c                __ledf2
                0x08000984                __nedf2
                0x08000984                __eqdf2
                0x08000984                __cmpdf2
                0x08000a00                __aeabi_cdrcmple
                0x08000a10                __aeabi_cdcmpeq
                0x08000a10                __aeabi_cdcmple
                0x08000a20                __aeabi_dcmpeq
                0x08000a34                __aeabi_dcmplt
                0x08000a48                __aeabi_dcmple
                0x08000a5c                __aeabi_dcmpge
                0x08000a70                __aeabi_dcmpgt
 .text          0x08000a84       0x50 c:/ac6/systemworkbench/plugins/fr.ac6.mcu.externaltools.arm-none.win32_1.17.0.201812190825/tools/compiler/bin/../lib/gcc/arm-none-eabi/7.3.1/thumb/v7e-m/fpv4-sp/hard\libgcc.a(_arm_fixdfsi.o)
                0x08000a84                __aeabi_d2iz
                0x08000a84                __fixdfsi
 .text          0x08000ad4       0x40 c:/ac6/systemworkbench/plugins/fr.ac6.mcu.externaltools.arm-none.win32_1.17.0.201812190825/tools/compiler/bin/../lib/gcc/arm-none-eabi/7.3.1/thumb/v7e-m/fpv4-sp/hard\libgcc.a(_arm_fixunsdfsi.o)
                0x08000ad4                __aeabi_d2uiz
                0x08000ad4                __fixunsdfsi
 .text          0x08000b14       0x30 c:/ac6/systemworkbench/plugins/fr.ac6.mcu.externaltools.arm-none.win32_1.17.0.201812190825/tools/compiler/bin/../lib/gcc/arm-none-eabi/7.3.1/thumb/v7e-m/fpv4-sp/hard\libgcc.a(_aeabi_uldivmod.o)
                0x08000b14                __aeabi_uldivmod
 .text          0x08000b44      0x2cc c:/ac6/systemworkbench/plugins/fr.ac6.mcu.externaltools.arm-none.win32_1.17.0.201812190825/tools/compiler/bin/../lib/gcc/arm-none-eabi/7.3.1/thumb/v7e-m/fpv4-sp/hard\libgcc.a(_udivmoddi4.o)
                0x08000b44                __udivmoddi4
 .text          0x08000e10        0x4 c:/ac6/systemworkbench/plugins/fr.ac6.mcu.externaltools.arm-none.win32_1.17.0.201812190825/tools/compiler/bin/../lib/gcc/arm-none-eabi/7.3.1/thumb/v7e-m/fpv4-sp/hard\libgcc.a(_dvmd_tls.o)
                0x08000e10                __aeabi_idiv0
                0x08000e10                __aeabi_ldiv0
 *(.text*)
 .text.HAL_InitTick
                0x08000e14       0x2c Drivers/STM32F4xx_HAL_Driver/Src/stm32f4xx_hal.o
                0x08000e14                HAL_InitTick
 .text.HAL_Init
                0x08000e40       0x34 Drivers/STM32F4xx_HAL_Driver/Src/stm32f4xx_hal.o
                0x08000e40                HAL_Init
 .text.HAL_IncTick
                0x08000e74       0x10 Drivers/STM32F4xx_HAL_Driver/Src/stm32f4xx_hal.o
                0x08000e74                HAL_IncTick
 .text.HAL_GetTick
                0x08000e84        0xc Drivers/STM32F4xx_HAL_Driver/Src/stm32f4xx_hal.o
                0x08000e84                HAL_GetTick
 .text.HAL_Delay
                0x08000e90       0x24 Drivers/STM32F4xx_HAL_Driver/Src/stm32f4xx_hal.o
                0x08000e90                HAL_Delay
 .text.HAL_NVIC_SetPriorityGrouping
                0x08000eb4       0x24 Drivers/STM32F4xx_HAL_Driver/Src/stm32f4xx_hal_cortex.o
                0x08000eb4                HAL_NVIC_SetPriorityGrouping
 .text.HAL_NVIC_SetPriority
                0x08000ed8       0x6c Drivers/STM32F4xx_HAL_Driver/Src/stm32f4xx_hal_cortex.o
                0x08000ed8                HAL_NVIC_SetPriority
 .text.HAL_NVIC_EnableIRQ
                0x08000f44       0x18 Drivers/STM32F4xx_HAL_Driver/Src/stm32f4xx_hal_cortex.o
                0x08000f44                HAL_NVIC_EnableIRQ
 .text.HAL_SYSTICK_Config
                0x08000f5c       0x34 Drivers/STM32F4xx_HAL_Driver/Src/stm32f4xx_hal_cortex.o
                0x08000f5c                HAL_SYSTICK_Config
 .text.HAL_DMA_Abort_IT
                0x08000f90       0x24 Drivers/STM32F4xx_HAL_Driver/Src/stm32f4xx_hal_dma.o
                0x08000f90                HAL_DMA_Abort_IT
 .text.HAL_GPIO_Init
                0x08000fb4      0x1c0 Drivers/STM32F4xx_HAL_Driver/Src/stm32f4xx_hal_gpio.o
                0x08000fb4                HAL_GPIO_Init
 .text.HAL_GPIO_WritePin
                0x08001174        0x8 Drivers/STM32F4xx_HAL_Driver/Src/stm32f4xx_hal_gpio.o
                0x08001174                HAL_GPIO_WritePin
 .text.HAL_GPIO_TogglePin
                0x0800117c        0x8 Drivers/STM32F4xx_HAL_Driver/Src/stm32f4xx_hal_gpio.o
                0x0800117c                HAL_GPIO_TogglePin
 .text.HAL_GPIO_EXTI_IRQHandler
                0x08001184       0x18 Drivers/STM32F4xx_HAL_Driver/Src/stm32f4xx_hal_gpio.o
                0x08001184                HAL_GPIO_EXTI_IRQHandler
 .text.I2C_WaitOnMasterAddressFlagUntilTimeout
                0x0800119c       0x6c Drivers/STM32F4xx_HAL_Driver/Src/stm32f4xx_hal_i2c.o
 .text.I2C_WaitOnFlagUntilTimeout
                0x08001208       0x68 Drivers/STM32F4xx_HAL_Driver/Src/stm32f4xx_hal_i2c.o
 .text.I2C_WaitOnBTFFlagUntilTimeout
                0x08001270       0x64 Drivers/STM32F4xx_HAL_Driver/Src/stm32f4xx_hal_i2c.o
 .text.I2C_WaitOnRXNEFlagUntilTimeout
                0x080012d4       0x58 Drivers/STM32F4xx_HAL_Driver/Src/stm32f4xx_hal_i2c.o
 .text.I2C_WaitOnTXEFlagUntilTimeout
                0x0800132c       0x64 Drivers/STM32F4xx_HAL_Driver/Src/stm32f4xx_hal_i2c.o
 .text.I2C_RequestMemoryWrite
                0x08001390       0xb4 Drivers/STM32F4xx_HAL_Driver/Src/stm32f4xx_hal_i2c.o
 .text.I2C_RequestMemoryRead
                0x08001444      0x104 Drivers/STM32F4xx_HAL_Driver/Src/stm32f4xx_hal_i2c.o
 .text.HAL_I2C_Init
                0x08001548       0xec Drivers/STM32F4xx_HAL_Driver/Src/stm32f4xx_hal_i2c.o
                0x08001548                HAL_I2C_Init
 .text.HAL_I2C_Mem_Write
                0x08001634      0x134 Drivers/STM32F4xx_HAL_Driver/Src/stm32f4xx_hal_i2c.o
                0x08001634                HAL_I2C_Mem_Write
 .text.HAL_I2C_Mem_Read
                0x08001768      0x234 Drivers/STM32F4xx_HAL_Driver/Src/stm32f4xx_hal_i2c.o
                0x08001768                HAL_I2C_Mem_Read
 .text.HAL_RCC_OscConfig
                0x0800199c      0x334 Drivers/STM32F4xx_HAL_Driver/Src/stm32f4xx_hal_rcc.o
                0x0800199c                HAL_RCC_OscConfig
 .text.HAL_RCC_GetSysClockFreq
                0x08001cd0       0x6c Drivers/STM32F4xx_HAL_Driver/Src/stm32f4xx_hal_rcc.o
                0x08001cd0                HAL_RCC_GetSysClockFreq
 .text.HAL_RCC_ClockConfig
                0x08001d3c      0x134 Drivers/STM32F4xx_HAL_Driver/Src/stm32f4xx_hal_rcc.o
                0x08001d3c                HAL_RCC_ClockConfig
 .text.HAL_RCC_GetPCLK1Freq
                0x08001e70       0x20 Drivers/STM32F4xx_HAL_Driver/Src/stm32f4xx_hal_rcc.o
                0x08001e70                HAL_RCC_GetPCLK1Freq
 .text.HAL_RCC_GetPCLK2Freq
                0x08001e90       0x20 Drivers/STM32F4xx_HAL_Driver/Src/stm32f4xx_hal_rcc.o
                0x08001e90                HAL_RCC_GetPCLK2Freq
 .text.TIM_OC1_SetConfig
                0x08001eb0       0x58 Drivers/STM32F4xx_HAL_Driver/Src/stm32f4xx_hal_tim.o
 .text.TIM_OC3_SetConfig
                0x08001f08       0x5c Drivers/STM32F4xx_HAL_Driver/Src/stm32f4xx_hal_tim.o
 .text.TIM_OC4_SetConfig
                0x08001f64       0x48 Drivers/STM32F4xx_HAL_Driver/Src/stm32f4xx_hal_tim.o
 .text.HAL_TIM_Base_Start_IT
                0x08001fac       0x18 Drivers/STM32F4xx_HAL_Driver/Src/stm32f4xx_hal_tim.o
                0x08001fac                HAL_TIM_Base_Start_IT
 .text.HAL_TIM_OC_Start
                0x08001fc4       0x3c Drivers/STM32F4xx_HAL_Driver/Src/stm32f4xx_hal_tim.o
                0x08001fc4                HAL_TIM_OC_Start
 .text.HAL_TIM_PWM_Start
                0x08002000        0x4 Drivers/STM32F4xx_HAL_Driver/Src/stm32f4xx_hal_tim.o
                0x08002000                HAL_TIM_PWM_Start
 .text.HAL_TIM_OC_DelayElapsedCallback
                0x08002004        0x4 Drivers/STM32F4xx_HAL_Driver/Src/stm32f4xx_hal_tim.o
                0x08002004                HAL_TIM_OC_DelayElapsedCallback
 .text.HAL_TIM_IC_CaptureCallback
                0x08002008        0x4 Drivers/STM32F4xx_HAL_Driver/Src/stm32f4xx_hal_tim.o
                0x08002008                HAL_TIM_IC_CaptureCallback
 .text.HAL_TIM_PWM_PulseFinishedCallback
                0x0800200c        0x4 Drivers/STM32F4xx_HAL_Driver/Src/stm32f4xx_hal_tim.o
                0x0800200c                HAL_TIM_PWM_PulseFinishedCallback
 .text.HAL_TIM_TriggerCallback
                0x08002010        0x4 Drivers/STM32F4xx_HAL_Driver/Src/stm32f4xx_hal_tim.o
                0x08002010                HAL_TIM_TriggerCallback
 .text.HAL_TIM_IRQHandler
                0x08002014      0x154 Drivers/STM32F4xx_HAL_Driver/Src/stm32f4xx_hal_tim.o
                0x08002014                HAL_TIM_IRQHandler
 .text.TIM_Base_SetConfig
                0x08002168       0x8c Drivers/STM32F4xx_HAL_Driver/Src/stm32f4xx_hal_tim.o
                0x08002168                TIM_Base_SetConfig
 .text.HAL_TIM_PWM_Init
                0x080021f4       0x38 Drivers/STM32F4xx_HAL_Driver/Src/stm32f4xx_hal_tim.o
                0x080021f4                HAL_TIM_PWM_Init
 .text.TIM_OC2_SetConfig
                0x0800222c       0x5c Drivers/STM32F4xx_HAL_Driver/Src/stm32f4xx_hal_tim.o
                0x0800222c                TIM_OC2_SetConfig
 .text.HAL_TIM_PWM_ConfigChannel
                0x08002288       0xf8 Drivers/STM32F4xx_HAL_Driver/Src/stm32f4xx_hal_tim.o
                0x08002288                HAL_TIM_PWM_ConfigChannel
 .text.HAL_TIMEx_MasterConfigSynchronization
                0x08002380       0x4c Drivers/STM32F4xx_HAL_Driver/Src/stm32f4xx_hal_tim_ex.o
                0x08002380                HAL_TIMEx_MasterConfigSynchronization
 .text.HAL_TIMEx_CommutationCallback
                0x080023cc        0x4 Drivers/STM32F4xx_HAL_Driver/Src/stm32f4xx_hal_tim_ex.o
                0x080023cc                HAL_TIMEx_CommutationCallback
 .text.HAL_TIMEx_BreakCallback
                0x080023d0        0x4 Drivers/STM32F4xx_HAL_Driver/Src/stm32f4xx_hal_tim_ex.o
                0x080023d0                HAL_TIMEx_BreakCallback
 .text.UART_SetConfig
                0x080023d4      0x2b8 Drivers/STM32F4xx_HAL_Driver/Src/stm32f4xx_hal_uart.o
 .text.HAL_UART_Init
                0x0800268c       0x60 Drivers/STM32F4xx_HAL_Driver/Src/stm32f4xx_hal_uart.o
                0x0800268c                HAL_UART_Init
 .text.HAL_UART_Transmit_IT
                0x080026ec       0x44 Drivers/STM32F4xx_HAL_Driver/Src/stm32f4xx_hal_uart.o
                0x080026ec                HAL_UART_Transmit_IT
 .text.HAL_UART_Receive_IT
                0x08002730       0x4c Drivers/STM32F4xx_HAL_Driver/Src/stm32f4xx_hal_uart.o
                0x08002730                HAL_UART_Receive_IT
 .text.UART_Receive_IT.part.1
                0x0800277c       0x64 Drivers/STM32F4xx_HAL_Driver/Src/stm32f4xx_hal_uart.o
 .text.HAL_UART_IRQHandler
                0x080027e0      0x180 Drivers/STM32F4xx_HAL_Driver/Src/stm32f4xx_hal_uart.o
                0x080027e0                HAL_UART_IRQHandler
 .text.UART_DMAAbortOnError
                0x08002960       0x14 Drivers/STM32F4xx_HAL_Driver/Src/stm32f4xx_hal_uart.o
 .text.HAL_UART_AbortTransmitCpltCallback
                0x08002974        0x4 Drivers/STM32F4xx_HAL_Driver/Src/stm32f4xx_hal_uart.o
                0x08002974                HAL_UART_AbortTransmitCpltCallback
 .text.HAL_UART_AbortTransmit_IT
                0x08002978       0x5c Drivers/STM32F4xx_HAL_Driver/Src/stm32f4xx_hal_uart.o
                0x08002978                HAL_UART_AbortTransmit_IT
 .text.UART_DMATxOnlyAbortCallback
                0x080029d4       0x18 Drivers/STM32F4xx_HAL_Driver/Src/stm32f4xx_hal_uart.o
 .text.HAL_UART_AbortReceiveCpltCallback
                0x080029ec        0x4 Drivers/STM32F4xx_HAL_Driver/Src/stm32f4xx_hal_uart.o
                0x080029ec                HAL_UART_AbortReceiveCpltCallback
 .text.HAL_UART_AbortReceive_IT
                0x080029f0       0x64 Drivers/STM32F4xx_HAL_Driver/Src/stm32f4xx_hal_uart.o
                0x080029f0                HAL_UART_AbortReceive_IT
 .text.UART_DMARxOnlyAbortCallback
                0x08002a54       0x18 Drivers/STM32F4xx_HAL_Driver/Src/stm32f4xx_hal_uart.o
 .text.init_GPIO_Hezt
                0x08002a6c       0x58 Src/DistSensor.o
                0x08002a6c                init_GPIO_Hezt
 .text.send_RFID_info.part.3
                0x08002ac4       0xb0 Src/main.o
 .text.RFID_decision.part.4
                0x08002b74       0x74 Src/main.o
 .text.binaryColor.part.6
                0x08002be8       0x18 Src/main.o
 .text.steer    0x08002c00       0x54 Src/main.o
                0x08002c00                steer
 *fill*         0x08002c54        0x4 
 .text.lineFollowRegleringForward
                0x08002c58      0x13c Src/main.o
                0x08002c58                lineFollowRegleringForward
 .text.regulateStanding
                0x08002d94      0x130 Src/main.o
                0x08002d94                regulateStanding
 .text.steer3   0x08002ec4       0xdc Src/main.o
                0x08002ec4                steer3
 .text.lineFollowRegleringForward2
                0x08002fa0      0x2ac Src/main.o
                0x08002fa0                lineFollowRegleringForward2
 .text.steer4   0x0800324c       0xb0 Src/main.o
                0x0800324c                steer4
 *fill*         0x080032fc        0x4 
 .text.lineFollowRegleringLeft
                0x08003300      0x338 Src/main.o
                0x08003300                lineFollowRegleringLeft
 .text.lineFollowRegleringRight
                0x08003638      0x2b8 Src/main.o
                0x08003638                lineFollowRegleringRight
 .text.lineFollowReglering
                0x080038f0      0x2a4 Src/main.o
                0x080038f0                lineFollowReglering
 .text.SystemClock_Config
                0x08003b94       0x88 Src/main.o
                0x08003b94                SystemClock_Config
 .text.BT_printint
                0x08003c1c       0x84 Src/main.o
                0x08003c1c                BT_printint
 .text.BT_wtf   0x08003ca0       0x74 Src/main.o
                0x08003ca0                BT_wtf
 .text.BT_println
                0x08003d14       0x94 Src/main.o
                0x08003d14                BT_println
 .text.HAL_GPIO_EXTI_Callback
                0x08003da8       0x7c Src/main.o
                0x08003da8                HAL_GPIO_EXTI_Callback
 .text.lineFollowForward
                0x08003e24      0x164 Src/main.o
                0x08003e24                lineFollowForward
 .text.stateFunction
                0x08003f88      0x960 Src/main.o
                0x08003f88                stateFunction
 .text.startup.main
                0x080048e8      0x4d4 Src/main.o
                0x080048e8                main
 *fill*         0x08004dbc        0x4 
 .text.KTS_message_recieved
                0x08004dc0      0x198 Src/main.o
                0x08004dc0                KTS_message_recieved
 .text.Atmel_message_recieved
                0x08004f58       0x74 Src/main.o
                0x08004f58                Atmel_message_recieved
 .text.HAL_UART_RxCpltCallback
                0x08004fcc       0x2c Src/main.o
                0x08004fcc                HAL_UART_RxCpltCallback
 .text.HAL_UART_ErrorCallback
                0x08004ff8       0xb8 Src/main.o
                0x08004ff8                HAL_UART_ErrorCallback
 .text.clearRXbuffer
                0x080050b0       0xa4 Src/main.o
                0x080050b0                clearRXbuffer
 .text.HAL_UART_TxCpltCallback
                0x08005154       0x5c Src/main.o
                0x08005154                HAL_UART_TxCpltCallback
 .text.HAL_TIM_PeriodElapsedCallback
                0x080051b0       0x1c Src/main.o
                0x080051b0                HAL_TIM_PeriodElapsedCallback
 .text.motor_R  0x080051cc       0x44 Src/motorstyrning.o
                0x080051cc                motor_R
 .text.motor_L  0x08005210       0x44 Src/motorstyrning.o
                0x08005210                motor_L
 .text.driveforward
                0x08005254       0x14 Src/motorstyrning.o
                0x08005254                driveforward
 .text.hardcode_right
                0x08005268       0x14 Src/motorstyrning.o
                0x08005268                hardcode_right
 .text.hardcode_left
                0x0800527c       0x14 Src/motorstyrning.o
                0x0800527c                hardcode_left
 .text.hardcode_u_turn
                0x08005290       0x14 Src/motorstyrning.o
                0x08005290                hardcode_u_turn
 .text.HAL_MspInit
                0x080052a4       0x38 Src/stm32f4xx_hal_msp.o
                0x080052a4                HAL_MspInit
 .text.HAL_I2C_MspInit
                0x080052dc      0x108 Src/stm32f4xx_hal_msp.o
                0x080052dc                HAL_I2C_MspInit
 .text.HAL_TIM_PWM_MspInit
                0x080053e4       0x58 Src/stm32f4xx_hal_msp.o
                0x080053e4                HAL_TIM_PWM_MspInit
 .text.HAL_TIM_MspPostInit
                0x0800543c       0x90 Src/stm32f4xx_hal_msp.o
                0x0800543c                HAL_TIM_MspPostInit
 .text.HAL_UART_MspInit
                0x080054cc       0xec Src/stm32f4xx_hal_msp.o
                0x080054cc                HAL_UART_MspInit
 .text.NMI_Handler
                0x080055b8        0x4 Src/stm32f4xx_it.o
                0x080055b8                NMI_Handler
 .text.HardFault_Handler
                0x080055bc        0x4 Src/stm32f4xx_it.o
                0x080055bc                HardFault_Handler
 .text.MemManage_Handler
                0x080055c0        0x4 Src/stm32f4xx_it.o
                0x080055c0                MemManage_Handler
 .text.BusFault_Handler
                0x080055c4        0x4 Src/stm32f4xx_it.o
                0x080055c4                BusFault_Handler
 .text.UsageFault_Handler
                0x080055c8        0x4 Src/stm32f4xx_it.o
                0x080055c8                UsageFault_Handler
 .text.SVC_Handler
                0x080055cc        0x4 Src/stm32f4xx_it.o
                0x080055cc                SVC_Handler
 .text.DebugMon_Handler
                0x080055d0        0x4 Src/stm32f4xx_it.o
                0x080055d0                DebugMon_Handler
 .text.PendSV_Handler
                0x080055d4        0x4 Src/stm32f4xx_it.o
                0x080055d4                PendSV_Handler
 .text.SysTick_Handler
                0x080055d8       0x10 Src/stm32f4xx_it.o
                0x080055d8                SysTick_Handler
 .text.USART1_IRQHandler
                0x080055e8        0xc Src/stm32f4xx_it.o
                0x080055e8                USART1_IRQHandler
 .text.USART6_IRQHandler
                0x080055f4        0xc Src/stm32f4xx_it.o
                0x080055f4                USART6_IRQHandler
 .text.millis   0x08005600        0xc Src/stm32f4xx_it.o
                0x08005600                millis
 .text.EXTI0_IRQHandler
                0x0800560c        0x8 Src/stm32f4xx_it.o
                0x0800560c                EXTI0_IRQHandler
 .text.EXTI1_IRQHandler
                0x08005614        0x8 Src/stm32f4xx_it.o
                0x08005614                EXTI1_IRQHandler
 .text.TIM4_IRQHandler
                0x0800561c        0xc Src/stm32f4xx_it.o
                0x0800561c                TIM4_IRQHandler
 .text.EXTI15_10_IRQHandler
                0x08005628        0x8 Src/stm32f4xx_it.o
                0x08005628                EXTI15_10_IRQHandler
 .text._sbrk    0x08005630       0x3c Src/syscalls.o
                0x08005630                _sbrk
 .text.SystemInit
                0x0800566c       0x50 Src/system_stm32f4xx.o
                0x0800566c                SystemInit
 .text.speed_L_ISR
                0x080056bc       0x5c Src/varvtal.o
                0x080056bc                speed_L_ISR
 .text.speed_R_ISR
                0x08005718       0x5c Src/varvtal.o
                0x08005718                speed_R_ISR
 *fill*         0x08005774        0x4 
 .text.read_dist_R
                0x08005778       0x2c Src/varvtal.o
                0x08005778                read_dist_R
 *fill*         0x080057a4        0x4 
 .text.read_dist_L
                0x080057a8       0x2c Src/varvtal.o
                0x080057a8                read_dist_L
 .text.reset_counter_L
                0x080057d4        0xc Src/varvtal.o
                0x080057d4                reset_counter_L
 .text.reset_counter_R
                0x080057e0        0xc Src/varvtal.o
                0x080057e0                reset_counter_R
 .text.read_counter_R
                0x080057ec        0xc Src/varvtal.o
                0x080057ec                read_counter_R
 .text.read_counter_L
                0x080057f8        0xc Src/varvtal.o
                0x080057f8                read_counter_L
 .text.VL53L0X_SetDeviceAddress
                0x08005804        0x8 VL53L0X_1.0.2/Api/core/src/vl53l0x_api.o
                0x08005804                VL53L0X_SetDeviceAddress
 .text.VL53L0X_SetDeviceMode
                0x0800580c       0x20 VL53L0X_1.0.2/Api/core/src/vl53l0x_api.o
                0x0800580c                VL53L0X_SetDeviceMode
 .text.VL53L0X_GetVcselPulsePeriod
                0x0800582c        0x4 VL53L0X_1.0.2/Api/core/src/vl53l0x_api.o
                0x0800582c                VL53L0X_GetVcselPulsePeriod
 .text.VL53L0X_SetSequenceStepEnable
                0x08005830       0xcc VL53L0X_1.0.2/Api/core/src/vl53l0x_api.o
                0x08005830                VL53L0X_SetSequenceStepEnable
 .text.VL53L0X_GetSequenceStepEnables
                0x080058fc       0x3c VL53L0X_1.0.2/Api/core/src/vl53l0x_api.o
                0x080058fc                VL53L0X_GetSequenceStepEnables
 .text.VL53L0X_GetInterMeasurementPeriodMilliSeconds
                0x08005938       0x40 VL53L0X_1.0.2/Api/core/src/vl53l0x_api.o
                0x08005938                VL53L0X_GetInterMeasurementPeriodMilliSeconds
 .text.VL53L0X_GetXTalkCompensationEnable
                0x08005978        0x8 VL53L0X_1.0.2/Api/core/src/vl53l0x_api.o
                0x08005978                VL53L0X_GetXTalkCompensationEnable
 .text.VL53L0X_GetXTalkCompensationRateMegaCps
                0x08005980       0x34 VL53L0X_1.0.2/Api/core/src/vl53l0x_api.o
                0x08005980                VL53L0X_GetXTalkCompensationRateMegaCps
 .text.VL53L0X_SetLimitCheckEnable
                0x080059b4       0x94 VL53L0X_1.0.2/Api/core/src/vl53l0x_api.o
                0x080059b4                VL53L0X_SetLimitCheckEnable
 .text.VL53L0X_GetLimitCheckEnable
                0x08005a48       0x1c VL53L0X_1.0.2/Api/core/src/vl53l0x_api.o
                0x08005a48                VL53L0X_GetLimitCheckEnable
 .text.VL53L0X_SetLimitCheckValue
                0x08005a64       0x60 VL53L0X_1.0.2/Api/core/src/vl53l0x_api.o
                0x08005a64                VL53L0X_SetLimitCheckValue
 .text.VL53L0X_GetLimitCheckValue
                0x08005ac4       0x70 VL53L0X_1.0.2/Api/core/src/vl53l0x_api.o
                0x08005ac4                VL53L0X_GetLimitCheckValue
 .text.VL53L0X_GetWrapAroundCheckEnable
                0x08005b34       0x30 VL53L0X_1.0.2/Api/core/src/vl53l0x_api.o
                0x08005b34                VL53L0X_GetWrapAroundCheckEnable
 .text.VL53L0X_GetDeviceParameters
                0x08005b64       0x74 VL53L0X_1.0.2/Api/core/src/vl53l0x_api.o
                0x08005b64                VL53L0X_GetDeviceParameters
 .text.VL53L0X_DataInit
                0x08005bd8      0x18c VL53L0X_1.0.2/Api/core/src/vl53l0x_api.o
                0x08005bd8                VL53L0X_DataInit
 .text.VL53L0X_PerformRefCalibration
                0x08005d64        0x8 VL53L0X_1.0.2/Api/core/src/vl53l0x_api.o
                0x08005d64                VL53L0X_PerformRefCalibration
 .text.VL53L0X_GetMeasurementDataReady
                0x08005d6c       0x54 VL53L0X_1.0.2/Api/core/src/vl53l0x_api.o
                0x08005d6c                VL53L0X_GetMeasurementDataReady
 .text.VL53L0X_GetRangingMeasurementData
                0x08005dc0      0x148 VL53L0X_1.0.2/Api/core/src/vl53l0x_api.o
                0x08005dc0                VL53L0X_GetRangingMeasurementData
 .text.VL53L0X_GetInterruptThresholds
                0x08005f08       0x40 VL53L0X_1.0.2/Api/core/src/vl53l0x_api.o
                0x08005f08                VL53L0X_GetInterruptThresholds
 .text.VL53L0X_CheckAndLoadInterruptSettings
                0x08005f48       0x8c VL53L0X_1.0.2/Api/core/src/vl53l0x_api.o
                0x08005f48                VL53L0X_CheckAndLoadInterruptSettings
 .text.VL53L0X_StartMeasurement
                0x08005fd4       0xf8 VL53L0X_1.0.2/Api/core/src/vl53l0x_api.o
                0x08005fd4                VL53L0X_StartMeasurement
 .text.VL53L0X_PerformSingleMeasurement
                0x080060cc       0x24 VL53L0X_1.0.2/Api/core/src/vl53l0x_api.o
                0x080060cc                VL53L0X_PerformSingleMeasurement
 .text.VL53L0X_ClearInterruptMask
                0x080060f0       0x60 VL53L0X_1.0.2/Api/core/src/vl53l0x_api.o
                0x080060f0                VL53L0X_ClearInterruptMask
 .text.VL53L0X_PerformSingleRangingMeasurement
                0x08006150       0x2c VL53L0X_1.0.2/Api/core/src/vl53l0x_api.o
                0x08006150                VL53L0X_PerformSingleRangingMeasurement
 .text.VL53L0X_SetGpioConfig.part.1
                0x0800617c      0x140 VL53L0X_1.0.2/Api/core/src/vl53l0x_api.o
 .text.VL53L0X_StaticInit
                0x080062bc      0x1b8 VL53L0X_1.0.2/Api/core/src/vl53l0x_api.o
                0x080062bc                VL53L0X_StaticInit
 .text.VL53L0X_PerformRefSpadManagement
                0x08006474        0x4 VL53L0X_1.0.2/Api/core/src/vl53l0x_api.o
                0x08006474                VL53L0X_PerformRefSpadManagement
 .text.VL53L0X_get_offset_calibration_data_micro_meter
                0x08006478       0x40 VL53L0X_1.0.2/Api/core/src/vl53l0x_api_calibration.o
                0x08006478                VL53L0X_get_offset_calibration_data_micro_meter
 .text.get_next_good_spad
                0x080064b8       0x4c VL53L0X_1.0.2/Api/core/src/vl53l0x_api_calibration.o
                0x080064b8                get_next_good_spad
 .text.enable_ref_spads
                0x08006504       0xd0 VL53L0X_1.0.2/Api/core/src/vl53l0x_api_calibration.o
                0x08006504                enable_ref_spads
 .text.perform_ref_signal_measurement
                0x080065d4       0x68 VL53L0X_1.0.2/Api/core/src/vl53l0x_api_calibration.o
                0x080065d4                perform_ref_signal_measurement
 .text.VL53L0X_set_reference_spads
                0x0800663c       0xb0 VL53L0X_1.0.2/Api/core/src/vl53l0x_api_calibration.o
                0x0800663c                VL53L0X_set_reference_spads
 .text.VL53L0X_perform_single_ref_calibration
                0x080066ec       0x3c VL53L0X_1.0.2/Api/core/src/vl53l0x_api_calibration.o
                0x080066ec                VL53L0X_perform_single_ref_calibration
 .text.VL53L0X_ref_calibration_io
                0x08006728       0xdc VL53L0X_1.0.2/Api/core/src/vl53l0x_api_calibration.o
                0x08006728                VL53L0X_ref_calibration_io
 .text.VL53L0X_perform_vhv_calibration
                0x08006804       0x9c VL53L0X_1.0.2/Api/core/src/vl53l0x_api_calibration.o
                0x08006804                VL53L0X_perform_vhv_calibration
 .text.VL53L0X_perform_phase_calibration
                0x080068a0       0x88 VL53L0X_1.0.2/Api/core/src/vl53l0x_api_calibration.o
                0x080068a0                VL53L0X_perform_phase_calibration
 .text.VL53L0X_perform_ref_calibration
                0x08006928       0x3c VL53L0X_1.0.2/Api/core/src/vl53l0x_api_calibration.o
                0x08006928                VL53L0X_perform_ref_calibration
 .text.VL53L0X_perform_ref_spad_management
                0x08006964      0x2a8 VL53L0X_1.0.2/Api/core/src/vl53l0x_api_calibration.o
                0x08006964                VL53L0X_perform_ref_spad_management
 .text.VL53L0X_encode_timeout.part.0
                0x08006c0c       0x24 VL53L0X_1.0.2/Api/core/src/vl53l0x_api_core.o
 .text.set_sequence_step_timeout.part.1
                0x08006c30      0x11c VL53L0X_1.0.2/Api/core/src/vl53l0x_api_core.o
 .text.VL53L0X_measurement_poll_for_completion
                0x08006d4c       0x40 VL53L0X_1.0.2/Api/core/src/vl53l0x_api_core.o
                0x08006d4c                VL53L0X_measurement_poll_for_completion
 .text.VL53L0X_device_read_strobe
                0x08006d8c       0x4c VL53L0X_1.0.2/Api/core/src/vl53l0x_api_core.o
                0x08006d8c                VL53L0X_device_read_strobe
 .text.VL53L0X_get_info_from_device
                0x08006dd8      0x5a4 VL53L0X_1.0.2/Api/core/src/vl53l0x_api_core.o
                0x08006dd8                VL53L0X_get_info_from_device
 .text.get_sequence_step_timeout
                0x0800737c      0x16c VL53L0X_1.0.2/Api/core/src/vl53l0x_api_core.o
                0x0800737c                get_sequence_step_timeout
 .text.VL53L0X_get_vcsel_pulse_period
                0x080074e8       0x3c VL53L0X_1.0.2/Api/core/src/vl53l0x_api_core.o
                0x080074e8                VL53L0X_get_vcsel_pulse_period
 .text.VL53L0X_set_measurement_timing_budget_micro_seconds
                0x08007524       0xd0 VL53L0X_1.0.2/Api/core/src/vl53l0x_api_core.o
                0x08007524                VL53L0X_set_measurement_timing_budget_micro_seconds
 .text.VL53L0X_get_measurement_timing_budget_micro_seconds
                0x080075f4       0xd0 VL53L0X_1.0.2/Api/core/src/vl53l0x_api_core.o
                0x080075f4                VL53L0X_get_measurement_timing_budget_micro_seconds
 .text.VL53L0X_load_tuning_settings
                0x080076c4       0xc4 VL53L0X_1.0.2/Api/core/src/vl53l0x_api_core.o
                0x080076c4                VL53L0X_load_tuning_settings
 .text.VL53L0X_get_total_xtalk_rate
                0x08007788       0x30 VL53L0X_1.0.2/Api/core/src/vl53l0x_api_core.o
                0x08007788                VL53L0X_get_total_xtalk_rate
 .text.VL53L0X_calc_dmax
                0x080077b8      0x140 VL53L0X_1.0.2/Api/core/src/vl53l0x_api_core.o
                0x080077b8                VL53L0X_calc_dmax
 .text.VL53L0X_calc_sigma_estimate
                0x080078f8      0x314 VL53L0X_1.0.2/Api/core/src/vl53l0x_api_core.o
                0x080078f8                VL53L0X_calc_sigma_estimate
 .text.VL53L0X_get_pal_range_status
                0x08007c0c      0x248 VL53L0X_1.0.2/Api/core/src/vl53l0x_api_core.o
                0x08007c0c                VL53L0X_get_pal_range_status
 .text.VL53L0X_write_multi
                0x08007e54       0x28 VL53L0X_1.0.2/Api/platform/src/vl53l0x_i2c_win_serial_comms.o
                0x08007e54                VL53L0X_write_multi
 .text.VL53L0X_read_multi
                0x08007e7c       0x28 VL53L0X_1.0.2/Api/platform/src/vl53l0x_i2c_win_serial_comms.o
                0x08007e7c                VL53L0X_read_multi
 .text.VL53L0X_write_byte
                0x08007ea4       0x2c VL53L0X_1.0.2/Api/platform/src/vl53l0x_i2c_win_serial_comms.o
                0x08007ea4                VL53L0X_write_byte
 .text.VL53L0X_write_word
                0x08007ed0       0x70 VL53L0X_1.0.2/Api/platform/src/vl53l0x_i2c_win_serial_comms.o
                0x08007ed0                VL53L0X_write_word
 .text.VL53L0X_read_byte
                0x08007f40       0x24 VL53L0X_1.0.2/Api/platform/src/vl53l0x_i2c_win_serial_comms.o
                0x08007f40                VL53L0X_read_byte
 .text.VL53L0X_read_word
                0x08007f64       0x38 VL53L0X_1.0.2/Api/platform/src/vl53l0x_i2c_win_serial_comms.o
                0x08007f64                VL53L0X_read_word
 .text.VL53L0X_read_dword
                0x08007f9c       0x48 VL53L0X_1.0.2/Api/platform/src/vl53l0x_i2c_win_serial_comms.o
                0x08007f9c                VL53L0X_read_dword
 .text.VL53L0X_WriteMulti
                0x08007fe4       0x20 VL53L0X_1.0.2/Api/platform/src/vl53l0x_platform.o
                0x08007fe4                VL53L0X_WriteMulti
 .text.VL53L0X_ReadMulti
                0x08008004       0x20 VL53L0X_1.0.2/Api/platform/src/vl53l0x_platform.o
                0x08008004                VL53L0X_ReadMulti
 .text.VL53L0X_WrByte
                0x08008024       0x18 VL53L0X_1.0.2/Api/platform/src/vl53l0x_platform.o
                0x08008024                VL53L0X_WrByte
 .text.VL53L0X_WrWord
                0x0800803c       0x18 VL53L0X_1.0.2/Api/platform/src/vl53l0x_platform.o
                0x0800803c                VL53L0X_WrWord
 .text.VL53L0X_UpdateByte
                0x08008054       0x3c VL53L0X_1.0.2/Api/platform/src/vl53l0x_platform.o
                0x08008054                VL53L0X_UpdateByte
 .text.VL53L0X_RdByte
                0x08008090       0x18 VL53L0X_1.0.2/Api/platform/src/vl53l0x_platform.o
                0x08008090                VL53L0X_RdByte
 .text.VL53L0X_RdWord
                0x080080a8       0x18 VL53L0X_1.0.2/Api/platform/src/vl53l0x_platform.o
                0x080080a8                VL53L0X_RdWord
 .text.VL53L0X_RdDWord
                0x080080c0       0x18 VL53L0X_1.0.2/Api/platform/src/vl53l0x_platform.o
                0x080080c0                VL53L0X_RdDWord
 .text.VL53L0X_PollingDelay
                0x080080d8        0x4 VL53L0X_1.0.2/Api/platform/src/vl53l0x_platform.o
                0x080080d8                VL53L0X_PollingDelay
 .text.Reset_Handler
                0x080080dc       0x50 startup/startup_stm32f401xe.o
                0x080080dc                Reset_Handler
 .text.Default_Handler
                0x0800812c        0x2 startup/startup_stm32f401xe.o
                0x0800812c                RTC_Alarm_IRQHandler
                0x0800812c                EXTI2_IRQHandler
                0x0800812c                SPI4_IRQHandler
                0x0800812c                TIM1_CC_IRQHandler
                0x0800812c                DMA2_Stream5_IRQHandler
                0x0800812c                DMA1_Stream5_IRQHandler
                0x0800812c                PVD_IRQHandler
                0x0800812c                SDIO_IRQHandler
                0x0800812c                TAMP_STAMP_IRQHandler
                0x0800812c                EXTI3_IRQHandler
                0x0800812c                TIM1_UP_TIM10_IRQHandler
                0x0800812c                I2C3_ER_IRQHandler
                0x0800812c                I2C2_EV_IRQHandler
                0x0800812c                DMA1_Stream2_IRQHandler
                0x0800812c                FPU_IRQHandler
                0x0800812c                DMA2_Stream2_IRQHandler
                0x0800812c                SPI1_IRQHandler
                0x0800812c                TIM1_BRK_TIM9_IRQHandler
                0x0800812c                DMA2_Stream3_IRQHandler
                0x0800812c                DMA2_Stream0_IRQHandler
                0x0800812c                I2C1_EV_IRQHandler
                0x0800812c                DMA1_Stream6_IRQHandler
                0x0800812c                DMA1_Stream1_IRQHandler
                0x0800812c                TIM3_IRQHandler
                0x0800812c                RCC_IRQHandler
                0x0800812c                Default_Handler
                0x0800812c                ADC_IRQHandler
                0x0800812c                DMA1_Stream7_IRQHandler
                0x0800812c                TIM5_IRQHandler
                0x0800812c                DMA2_Stream7_IRQHandler
                0x0800812c                I2C3_EV_IRQHandler
                0x0800812c                EXTI9_5_IRQHandler
                0x0800812c                RTC_WKUP_IRQHandler
                0x0800812c                SPI2_IRQHandler
                0x0800812c                DMA1_Stream0_IRQHandler
                0x0800812c                EXTI4_IRQHandler
                0x0800812c                WWDG_IRQHandler
                0x0800812c                TIM2_IRQHandler
                0x0800812c                OTG_FS_WKUP_IRQHandler
                0x0800812c                TIM1_TRG_COM_TIM11_IRQHandler
                0x0800812c                USART2_IRQHandler
                0x0800812c                I2C2_ER_IRQHandler
                0x0800812c                DMA2_Stream1_IRQHandler
                0x0800812c                FLASH_IRQHandler
                0x0800812c                DMA2_Stream4_IRQHandler
                0x0800812c                OTG_FS_IRQHandler
                0x0800812c                SPI3_IRQHandler
                0x0800812c                DMA1_Stream4_IRQHandler
                0x0800812c                I2C1_ER_IRQHandler
                0x0800812c                DMA2_Stream6_IRQHandler
                0x0800812c                DMA1_Stream3_IRQHandler
 *fill*         0x0800812e        0x2 
 .text.gcvt     0x08008130       0x58 c:/ac6/systemworkbench/plugins/fr.ac6.mcu.externaltools.arm-none.win32_1.17.0.201812190825/tools/compiler/bin/../lib/gcc/arm-none-eabi/7.3.1/../../../../arm-none-eabi/lib/thumb/v7e-m/fpv4-sp/hard\libc_nano.a(lib_a-efgcvt.o)
                0x08008130                gcvt
 .text.__errno  0x08008188        0xc c:/ac6/systemworkbench/plugins/fr.ac6.mcu.externaltools.arm-none.win32_1.17.0.201812190825/tools/compiler/bin/../lib/gcc/arm-none-eabi/7.3.1/../../../../arm-none-eabi/lib/thumb/v7e-m/fpv4-sp/hard\libc_nano.a(lib_a-errno.o)
                0x08008188                __errno
 .text.__libc_init_array
                0x08008194       0x48 c:/ac6/systemworkbench/plugins/fr.ac6.mcu.externaltools.arm-none.win32_1.17.0.201812190825/tools/compiler/bin/../lib/gcc/arm-none-eabi/7.3.1/../../../../arm-none-eabi/lib/thumb/v7e-m/fpv4-sp/hard\libc_nano.a(lib_a-init.o)
                0x08008194                __libc_init_array
 .text.memset   0x080081dc       0x10 c:/ac6/systemworkbench/plugins/fr.ac6.mcu.externaltools.arm-none.win32_1.17.0.201812190825/tools/compiler/bin/../lib/gcc/arm-none-eabi/7.3.1/../../../../arm-none-eabi/lib/thumb/v7e-m/fpv4-sp/hard\libc_nano.a(lib_a-memset.o)
                0x080081dc                memset
 .text.strcpy   0x080081ec       0x10 c:/ac6/systemworkbench/plugins/fr.ac6.mcu.externaltools.arm-none.win32_1.17.0.201812190825/tools/compiler/bin/../lib/gcc/arm-none-eabi/7.3.1/../../../../arm-none-eabi/lib/thumb/v7e-m/fpv4-sp/hard\libc_nano.a(lib_a-strcpy.o)
                0x080081ec                strcpy
 .text.print_e  0x080081fc       0xe8 c:/ac6/systemworkbench/plugins/fr.ac6.mcu.externaltools.arm-none.win32_1.17.0.201812190825/tools/compiler/bin/../lib/gcc/arm-none-eabi/7.3.1/../../../../arm-none-eabi/lib/thumb/v7e-m/fpv4-sp/hard\libc_nano.a(lib_a-ecvtbuf.o)
 *fill*         0x080082e4        0x4 
 .text._gcvt    0x080082e8      0x194 c:/ac6/systemworkbench/plugins/fr.ac6.mcu.externaltools.arm-none.win32_1.17.0.201812190825/tools/compiler/bin/../lib/gcc/arm-none-eabi/7.3.1/../../../../arm-none-eabi/lib/thumb/v7e-m/fpv4-sp/hard\libc_nano.a(lib_a-ecvtbuf.o)
                0x080082e8                _gcvt
 .text._Balloc  0x0800847c       0x68 c:/ac6/systemworkbench/plugins/fr.ac6.mcu.externaltools.arm-none.win32_1.17.0.201812190825/tools/compiler/bin/../lib/gcc/arm-none-eabi/7.3.1/../../../../arm-none-eabi/lib/thumb/v7e-m/fpv4-sp/hard\libc_nano.a(lib_a-mprec.o)
                0x0800847c                _Balloc
 .text._Bfree   0x080084e4       0x2e c:/ac6/systemworkbench/plugins/fr.ac6.mcu.externaltools.arm-none.win32_1.17.0.201812190825/tools/compiler/bin/../lib/gcc/arm-none-eabi/7.3.1/../../../../arm-none-eabi/lib/thumb/v7e-m/fpv4-sp/hard\libc_nano.a(lib_a-mprec.o)
                0x080084e4                _Bfree
 .text.__multadd
                0x08008512       0x76 c:/ac6/systemworkbench/plugins/fr.ac6.mcu.externaltools.arm-none.win32_1.17.0.201812190825/tools/compiler/bin/../lib/gcc/arm-none-eabi/7.3.1/../../../../arm-none-eabi/lib/thumb/v7e-m/fpv4-sp/hard\libc_nano.a(lib_a-mprec.o)
                0x08008512                __multadd
 .text.__hi0bits
                0x08008588       0x3e c:/ac6/systemworkbench/plugins/fr.ac6.mcu.externaltools.arm-none.win32_1.17.0.201812190825/tools/compiler/bin/../lib/gcc/arm-none-eabi/7.3.1/../../../../arm-none-eabi/lib/thumb/v7e-m/fpv4-sp/hard\libc_nano.a(lib_a-mprec.o)
                0x08008588                __hi0bits
 .text.__lo0bits
                0x080085c6       0x5e c:/ac6/systemworkbench/plugins/fr.ac6.mcu.externaltools.arm-none.win32_1.17.0.201812190825/tools/compiler/bin/../lib/gcc/arm-none-eabi/7.3.1/../../../../arm-none-eabi/lib/thumb/v7e-m/fpv4-sp/hard\libc_nano.a(lib_a-mprec.o)
                0x080085c6                __lo0bits
 .text.__i2b    0x08008624       0x12 c:/ac6/systemworkbench/plugins/fr.ac6.mcu.externaltools.arm-none.win32_1.17.0.201812190825/tools/compiler/bin/../lib/gcc/arm-none-eabi/7.3.1/../../../../arm-none-eabi/lib/thumb/v7e-m/fpv4-sp/hard\libc_nano.a(lib_a-mprec.o)
                0x08008624                __i2b
 .text.__multiply
                0x08008636      0x12c c:/ac6/systemworkbench/plugins/fr.ac6.mcu.externaltools.arm-none.win32_1.17.0.201812190825/tools/compiler/bin/../lib/gcc/arm-none-eabi/7.3.1/../../../../arm-none-eabi/lib/thumb/v7e-m/fpv4-sp/hard\libc_nano.a(lib_a-mprec.o)
                0x08008636                __multiply
 *fill*         0x08008762        0x2 
 .text.__pow5mult
                0x08008764       0x9c c:/ac6/systemworkbench/plugins/fr.ac6.mcu.externaltools.arm-none.win32_1.17.0.201812190825/tools/compiler/bin/../lib/gcc/arm-none-eabi/7.3.1/../../../../arm-none-eabi/lib/thumb/v7e-m/fpv4-sp/hard\libc_nano.a(lib_a-mprec.o)
                0x08008764                __pow5mult
 .text.__lshift
                0x08008800       0xa8 c:/ac6/systemworkbench/plugins/fr.ac6.mcu.externaltools.arm-none.win32_1.17.0.201812190825/tools/compiler/bin/../lib/gcc/arm-none-eabi/7.3.1/../../../../arm-none-eabi/lib/thumb/v7e-m/fpv4-sp/hard\libc_nano.a(lib_a-mprec.o)
                0x08008800                __lshift
 .text.__mcmp   0x080088a8       0x34 c:/ac6/systemworkbench/plugins/fr.ac6.mcu.externaltools.arm-none.win32_1.17.0.201812190825/tools/compiler/bin/../lib/gcc/arm-none-eabi/7.3.1/../../../../arm-none-eabi/lib/thumb/v7e-m/fpv4-sp/hard\libc_nano.a(lib_a-mprec.o)
                0x080088a8                __mcmp
 .text.__mdiff  0x080088dc       0xba c:/ac6/systemworkbench/plugins/fr.ac6.mcu.externaltools.arm-none.win32_1.17.0.201812190825/tools/compiler/bin/../lib/gcc/arm-none-eabi/7.3.1/../../../../arm-none-eabi/lib/thumb/v7e-m/fpv4-sp/hard\libc_nano.a(lib_a-mprec.o)
                0x080088dc                __mdiff
 .text.__d2b    0x08008996       0x9e c:/ac6/systemworkbench/plugins/fr.ac6.mcu.externaltools.arm-none.win32_1.17.0.201812190825/tools/compiler/bin/../lib/gcc/arm-none-eabi/7.3.1/../../../../arm-none-eabi/lib/thumb/v7e-m/fpv4-sp/hard\libc_nano.a(lib_a-mprec.o)
                0x08008996                __d2b
 .text._mprec_log10
                0x08008a34       0x3c c:/ac6/systemworkbench/plugins/fr.ac6.mcu.externaltools.arm-none.win32_1.17.0.201812190825/tools/compiler/bin/../lib/gcc/arm-none-eabi/7.3.1/../../../../arm-none-eabi/lib/thumb/v7e-m/fpv4-sp/hard\libc_nano.a(lib_a-mprec.o)
                0x08008a34                _mprec_log10
 .text._calloc_r
                0x08008a70       0x1c c:/ac6/systemworkbench/plugins/fr.ac6.mcu.externaltools.arm-none.win32_1.17.0.201812190825/tools/compiler/bin/../lib/gcc/arm-none-eabi/7.3.1/../../../../arm-none-eabi/lib/thumb/v7e-m/fpv4-sp/hard\libc_nano.a(lib_a-nano-callocr.o)
                0x08008a70                _calloc_r
 .text._malloc_r
                0x08008a8c       0xb4 c:/ac6/systemworkbench/plugins/fr.ac6.mcu.externaltools.arm-none.win32_1.17.0.201812190825/tools/compiler/bin/../lib/gcc/arm-none-eabi/7.3.1/../../../../arm-none-eabi/lib/thumb/v7e-m/fpv4-sp/hard\libc_nano.a(lib_a-nano-mallocr.o)
                0x08008a8c                _malloc_r
 .text._sbrk_r  0x08008b40       0x20 c:/ac6/systemworkbench/plugins/fr.ac6.mcu.externaltools.arm-none.win32_1.17.0.201812190825/tools/compiler/bin/../lib/gcc/arm-none-eabi/7.3.1/../../../../arm-none-eabi/lib/thumb/v7e-m/fpv4-sp/hard\libc_nano.a(lib_a-sbrkr.o)
                0x08008b40                _sbrk_r
 .text.quorem   0x08008b60      0x118 c:/ac6/systemworkbench/plugins/fr.ac6.mcu.externaltools.arm-none.win32_1.17.0.201812190825/tools/compiler/bin/../lib/gcc/arm-none-eabi/7.3.1/../../../../arm-none-eabi/lib/thumb/v7e-m/fpv4-sp/hard\libc_nano.a(lib_a-dtoa.o)
 .text._dtoa_r  0x08008c78      0xb70 c:/ac6/systemworkbench/plugins/fr.ac6.mcu.externaltools.arm-none.win32_1.17.0.201812190825/tools/compiler/bin/../lib/gcc/arm-none-eabi/7.3.1/../../../../arm-none-eabi/lib/thumb/v7e-m/fpv4-sp/hard\libc_nano.a(lib_a-dtoa.o)
                0x08008c78                _dtoa_r
 .text.malloc   0x080097e8       0x10 c:/ac6/systemworkbench/plugins/fr.ac6.mcu.externaltools.arm-none.win32_1.17.0.201812190825/tools/compiler/bin/../lib/gcc/arm-none-eabi/7.3.1/../../../../arm-none-eabi/lib/thumb/v7e-m/fpv4-sp/hard\libc_nano.a(lib_a-malloc.o)
                0x080097e8                malloc
 .text.memcpy   0x080097f8       0x16 c:/ac6/systemworkbench/plugins/fr.ac6.mcu.externaltools.arm-none.win32_1.17.0.201812190825/tools/compiler/bin/../lib/gcc/arm-none-eabi/7.3.1/../../../../arm-none-eabi/lib/thumb/v7e-m/fpv4-sp/hard\libc_nano.a(lib_a-memcpy-stub.o)
                0x080097f8                memcpy
 .text.__malloc_lock
                0x0800980e        0x2 c:/ac6/systemworkbench/plugins/fr.ac6.mcu.externaltools.arm-none.win32_1.17.0.201812190825/tools/compiler/bin/../lib/gcc/arm-none-eabi/7.3.1/../../../../arm-none-eabi/lib/thumb/v7e-m/fpv4-sp/hard\libc_nano.a(lib_a-mlock.o)
                0x0800980e                __malloc_lock
 .text.__malloc_unlock
                0x08009810        0x2 c:/ac6/systemworkbench/plugins/fr.ac6.mcu.externaltools.arm-none.win32_1.17.0.201812190825/tools/compiler/bin/../lib/gcc/arm-none-eabi/7.3.1/../../../../arm-none-eabi/lib/thumb/v7e-m/fpv4-sp/hard\libc_nano.a(lib_a-mlock.o)
                0x08009810                __malloc_unlock
 *(.glue_7)
 .glue_7        0x08009812        0x0 linker stubs
 *(.glue_7t)
 .glue_7t       0x08009812        0x0 linker stubs
 *(.eh_frame)
 *fill*         0x08009812        0x2 
 .eh_frame      0x08009814        0x0 c:/ac6/systemworkbench/plugins/fr.ac6.mcu.externaltools.arm-none.win32_1.17.0.201812190825/tools/compiler/bin/../lib/gcc/arm-none-eabi/7.3.1/thumb/v7e-m/fpv4-sp/hard/crtbegin.o
 *(.init)
 .init          0x08009814        0x4 c:/ac6/systemworkbench/plugins/fr.ac6.mcu.externaltools.arm-none.win32_1.17.0.201812190825/tools/compiler/bin/../lib/gcc/arm-none-eabi/7.3.1/thumb/v7e-m/fpv4-sp/hard/crti.o
                0x08009814                _init
 .init          0x08009818        0x8 c:/ac6/systemworkbench/plugins/fr.ac6.mcu.externaltools.arm-none.win32_1.17.0.201812190825/tools/compiler/bin/../lib/gcc/arm-none-eabi/7.3.1/thumb/v7e-m/fpv4-sp/hard/crtn.o
 *(.fini)
 .fini          0x08009820        0x4 c:/ac6/systemworkbench/plugins/fr.ac6.mcu.externaltools.arm-none.win32_1.17.0.201812190825/tools/compiler/bin/../lib/gcc/arm-none-eabi/7.3.1/thumb/v7e-m/fpv4-sp/hard/crti.o
                0x08009820                _fini
 .fini          0x08009824        0x8 c:/ac6/systemworkbench/plugins/fr.ac6.mcu.externaltools.arm-none.win32_1.17.0.201812190825/tools/compiler/bin/../lib/gcc/arm-none-eabi/7.3.1/thumb/v7e-m/fpv4-sp/hard/crtn.o
                0x0800982c                . = ALIGN (0x4)
                0x0800982c                _etext = .

.vfp11_veneer   0x0800982c        0x0
 .vfp11_veneer  0x0800982c        0x0 linker stubs

.v4_bx          0x0800982c        0x0
 .v4_bx         0x0800982c        0x0 linker stubs

.iplt           0x0800982c        0x0
 .iplt          0x0800982c        0x0 c:/ac6/systemworkbench/plugins/fr.ac6.mcu.externaltools.arm-none.win32_1.17.0.201812190825/tools/compiler/bin/../lib/gcc/arm-none-eabi/7.3.1/thumb/v7e-m/fpv4-sp/hard/crtbegin.o

.rodata         0x08009830      0x22c
                0x08009830                . = ALIGN (0x4)
 *(.rodata)
 .rodata        0x08009830       0x80 Src/main.o
                0x08009838                KE_Left
                0x08009840                KD_Left
                0x08009848                KI_Left
                0x08009850                KP_Left
                0x08009858                KE_Right
                0x08009860                KD_Right
                0x08009868                KI_Right
                0x08009870                KP_Right
                0x08009878                KE_forward
                0x08009880                KD_forward
                0x08009888                KI_forward
                0x08009890                KP_forward
                0x08009898                KD1
                0x080098a0                KI1
                0x080098a8                KP1
 .rodata        0x080098b0       0x18 Src/system_stm32f4xx.o
                0x080098b0                AHBPrescTable
                0x080098c0                APBPrescTable
 *(.rodata*)
 .rodata.str1.4
                0x080098c8       0x88 Src/main.o
                                 0x85 (size before relaxing)
 .rodata.__mprec_bigtens
                0x08009950       0x28 c:/ac6/systemworkbench/plugins/fr.ac6.mcu.externaltools.arm-none.win32_1.17.0.201812190825/tools/compiler/bin/../lib/gcc/arm-none-eabi/7.3.1/../../../../arm-none-eabi/lib/thumb/v7e-m/fpv4-sp/hard\libc_nano.a(lib_a-mprec.o)
                0x08009950                __mprec_bigtens
 .rodata.__mprec_tens
                0x08009978       0xc8 c:/ac6/systemworkbench/plugins/fr.ac6.mcu.externaltools.arm-none.win32_1.17.0.201812190825/tools/compiler/bin/../lib/gcc/arm-none-eabi/7.3.1/../../../../arm-none-eabi/lib/thumb/v7e-m/fpv4-sp/hard\libc_nano.a(lib_a-mprec.o)
                0x08009978                __mprec_tens
 .rodata.p05.7359
                0x08009a40        0xc c:/ac6/systemworkbench/plugins/fr.ac6.mcu.externaltools.arm-none.win32_1.17.0.201812190825/tools/compiler/bin/../lib/gcc/arm-none-eabi/7.3.1/../../../../arm-none-eabi/lib/thumb/v7e-m/fpv4-sp/hard\libc_nano.a(lib_a-mprec.o)
 .rodata._dtoa_r.str1.1
                0x08009a4c        0xf c:/ac6/systemworkbench/plugins/fr.ac6.mcu.externaltools.arm-none.win32_1.17.0.201812190825/tools/compiler/bin/../lib/gcc/arm-none-eabi/7.3.1/../../../../arm-none-eabi/lib/thumb/v7e-m/fpv4-sp/hard\libc_nano.a(lib_a-dtoa.o)
                0x08009a5c                . = ALIGN (0x4)
 *fill*         0x08009a5b        0x1 

.ARM.extab
 *(.ARM.extab* .gnu.linkonce.armextab.*)

.ARM            0x08009a5c        0x8
                0x08009a5c                __exidx_start = .
 *(.ARM.exidx*)
 .ARM.exidx     0x08009a5c        0x8 c:/ac6/systemworkbench/plugins/fr.ac6.mcu.externaltools.arm-none.win32_1.17.0.201812190825/tools/compiler/bin/../lib/gcc/arm-none-eabi/7.3.1/thumb/v7e-m/fpv4-sp/hard\libgcc.a(_udivmoddi4.o)
                0x08009a64                __exidx_end = .

.rel.dyn        0x08009a64        0x0
 .rel.iplt      0x08009a64        0x0 c:/ac6/systemworkbench/plugins/fr.ac6.mcu.externaltools.arm-none.win32_1.17.0.201812190825/tools/compiler/bin/../lib/gcc/arm-none-eabi/7.3.1/thumb/v7e-m/fpv4-sp/hard/crtbegin.o

.preinit_array  0x08009a64        0x0
                0x08009a64                PROVIDE (__preinit_array_start = .)
 *(.preinit_array*)
                0x08009a64                PROVIDE (__preinit_array_end = .)

.init_array     0x08009a64        0x4
                0x08009a64                PROVIDE (__init_array_start = .)
 *(SORT_BY_NAME(.init_array.*))
 *(.init_array*)
 .init_array    0x08009a64        0x4 c:/ac6/systemworkbench/plugins/fr.ac6.mcu.externaltools.arm-none.win32_1.17.0.201812190825/tools/compiler/bin/../lib/gcc/arm-none-eabi/7.3.1/thumb/v7e-m/fpv4-sp/hard/crtbegin.o
                0x08009a68                PROVIDE (__init_array_end = .)

.fini_array     0x08009a68        0x4
                [!provide]                PROVIDE (__fini_array_start = .)
 *(SORT_BY_NAME(.fini_array.*))
 *(.fini_array*)
 .fini_array    0x08009a68        0x4 c:/ac6/systemworkbench/plugins/fr.ac6.mcu.externaltools.arm-none.win32_1.17.0.201812190825/tools/compiler/bin/../lib/gcc/arm-none-eabi/7.3.1/thumb/v7e-m/fpv4-sp/hard/crtbegin.o
                [!provide]                PROVIDE (__fini_array_end = .)
                0x08009a6c                _sidata = LOADADDR (.data)

.data           0x20000000      0x37c load address 0x08009a6c
                0x20000000                . = ALIGN (0x4)
                0x20000000                _sdata = .
 *(.data)
 .data          0x20000000       0x57 Src/main.o
                0x20000000                TXbuffer
                0x20000010                lastReadColor
                0x20000011                colorLimit
                0x20000012                lastColor
                0x20000018                maxPID
                0x20000020                minPID
                0x20000028                KP
                0x20000030                KI
                0x20000038                KD
                0x20000040                KE
                0x20000048                debounceInterval
                0x2000004c                printDebugInfo
                0x20000050                subStage
                0x20000054                R_speed
                0x20000055                L_speed
                0x20000056                obeyRFID
 *fill*         0x20000057        0x1 
 .data          0x20000058        0x4 Src/system_stm32f4xx.o
                0x20000058                SystemCoreClock
 .data          0x2000005c      0x2ab VL53L0X_1.0.2/Api/core/src/vl53l0x_api.o
                0x2000005c                InterruptThresholdSettings
                0x20000214                DefaultTuningSettings
 *fill*         0x20000307        0x1 
 .data          0x20000308       0x10 VL53L0X_1.0.2/Api/core/src/vl53l0x_api_calibration.o
                0x20000308                refArrayQuadrants
 *(.data*)
 .data._impure_ptr
                0x20000318        0x4 c:/ac6/systemworkbench/plugins/fr.ac6.mcu.externaltools.arm-none.win32_1.17.0.201812190825/tools/compiler/bin/../lib/gcc/arm-none-eabi/7.3.1/../../../../arm-none-eabi/lib/thumb/v7e-m/fpv4-sp/hard\libc_nano.a(lib_a-impure.o)
                0x20000318                _impure_ptr
 .data.impure_data
                0x2000031c       0x60 c:/ac6/systemworkbench/plugins/fr.ac6.mcu.externaltools.arm-none.win32_1.17.0.201812190825/tools/compiler/bin/../lib/gcc/arm-none-eabi/7.3.1/../../../../arm-none-eabi/lib/thumb/v7e-m/fpv4-sp/hard\libc_nano.a(lib_a-impure.o)
                0x2000037c                . = ALIGN (0x4)
                0x2000037c                _edata = .

.igot.plt       0x2000037c        0x0 load address 0x08009de8
 .igot.plt      0x2000037c        0x0 c:/ac6/systemworkbench/plugins/fr.ac6.mcu.externaltools.arm-none.win32_1.17.0.201812190825/tools/compiler/bin/../lib/gcc/arm-none-eabi/7.3.1/thumb/v7e-m/fpv4-sp/hard/crtbegin.o
                0x2000037c                . = ALIGN (0x4)

.bss            0x20000380      0x340 load address 0x08009de8
                0x20000380                _sbss = .
                0x20000380                __bss_start__ = _sbss
 *(.bss)
 .bss           0x20000380       0x1c c:/ac6/systemworkbench/plugins/fr.ac6.mcu.externaltools.arm-none.win32_1.17.0.201812190825/tools/compiler/bin/../lib/gcc/arm-none-eabi/7.3.1/thumb/v7e-m/fpv4-sp/hard/crtbegin.o
 *fill*         0x2000039c        0x4 
 .bss           0x200003a0       0x53 Src/main.o
                0x200003a0                lastRFIDindex
                0x200003a1                lastRoadType
                0x200003a2                lastRoadIndex
                0x200003a3                continueRutt
                0x200003a4                driveState
                0x200003a8                stateChanged
                0x200003a9                globalRoadType
                0x200003ac                timeFlag1
                0x200003b0                timeFlag2
                0x200003b4                prevPIDMillis
                0x200003b8                memError
                0x200003bc                PIDoutput
                0x200003c0                integral
                0x200003c8                errorPrior
                0x200003d0                derivative
                0x200003d8                meanErrorPrior
                0x200003dc                prevMillis
                0x200003e0                Doutput
                0x200003e4                tryAgainConuter
                0x200003e5                errorInt
                0x200003e6                buttonCounter
                0x200003e8                timeFlag3
                0x200003ec                newOrder
                0x200003ed                byteOfBools
                0x200003ee                connected
                0x200003ef                newMessage
                0x200003f0                RX_error
                0x200003f1                clearOrder
                0x200003f2                waiting
 *fill*         0x200003f3        0x1 
 .bss           0x200003f4        0x4 Src/stm32f4xx_it.o
                0x200003f4                tickCounter
 .bss           0x200003f8        0x8 Src/syscalls.o
                0x200003fc                __env
 .bss           0x20000400       0x88 Src/varvtal.o
                0x20000400                iL
                0x20000404                intervalHistoryL
                0x20000444                iR
                0x20000448                intervalHistoryR
 *(.bss*)
 .bss.__malloc_free_list
                0x20000488        0x4 c:/ac6/systemworkbench/plugins/fr.ac6.mcu.externaltools.arm-none.win32_1.17.0.201812190825/tools/compiler/bin/../lib/gcc/arm-none-eabi/7.3.1/../../../../arm-none-eabi/lib/thumb/v7e-m/fpv4-sp/hard\libc_nano.a(lib_a-nano-mallocr.o)
                0x20000488                __malloc_free_list
 .bss.__malloc_sbrk_start
                0x2000048c        0x4 c:/ac6/systemworkbench/plugins/fr.ac6.mcu.externaltools.arm-none.win32_1.17.0.201812190825/tools/compiler/bin/../lib/gcc/arm-none-eabi/7.3.1/../../../../arm-none-eabi/lib/thumb/v7e-m/fpv4-sp/hard\libc_nano.a(lib_a-nano-mallocr.o)
                0x2000048c                __malloc_sbrk_start
 *(COMMON)
 COMMON         0x20000490        0x4 Drivers/STM32F4xx_HAL_Driver/Src/stm32f4xx_hal.o
                0x20000490                uwTick
 COMMON         0x20000494        0xa Src/DistSensor.o
                0x20000494                isApertureSpads
                0x20000498                refSpadCount
                0x2000049c                PhaseCal
                0x2000049d                VhvSettings
 *fill*         0x2000049e        0x2 
 COMMON         0x200004a0       0x54 Src/i2c.o
                0x200004a0                hi2c1
 COMMON         0x200004f4      0x1b0 Src/main.o
                0x200004f4                adjustThis
                0x200004f8                hi2c3
                0x2000054c                htim4
                0x20000588                htim3
                0x200005c4                RXbuffer
                0x200005cc                huart1
                0x2000060c                motorPercentR
                0x2000060d                byte
                0x2000060e                motorPercentL
                0x20000610                TX2buffer
                0x20000614                huart6
                0x20000654                RX2buffer
                0x20000658                htim2
                0x20000694                tempTXbuffer
 COMMON         0x200006a4       0x16 Src/varvtal.o
                0x200006a4                lastTimeR
                0x200006a8                intervalTimeL
                0x200006ac                lastTimeL
                0x200006b0                counter_L
                0x200006b4                intervalTimeR
                0x200006b8                counter_R
 *fill*         0x200006ba        0x2 
 COMMON         0x200006bc        0x4 c:/ac6/systemworkbench/plugins/fr.ac6.mcu.externaltools.arm-none.win32_1.17.0.201812190825/tools/compiler/bin/../lib/gcc/arm-none-eabi/7.3.1/../../../../arm-none-eabi/lib/thumb/v7e-m/fpv4-sp/hard\libc_nano.a(lib_a-reent.o)
                0x200006bc                errno
                0x200006c0                . = ALIGN (0x4)
                0x200006c0                _ebss = .
                0x200006c0                __bss_end__ = _ebss

._user_heap_stack
                0x200006c0      0x600 load address 0x08009de8
                0x200006c0                . = ALIGN (0x8)
                0x200006c0                PROVIDE (end = .)
                [!provide]                PROVIDE (_end = .)
                0x200008c0                . = (. + _Min_Heap_Size)
 *fill*         0x200006c0      0x200 
                0x20000cc0                . = (. + _Min_Stack_Size)
 *fill*         0x200008c0      0x400 
                0x20000cc0                . = ALIGN (0x8)

/DISCARD/
 libc.a(*)
 libm.a(*)
 libgcc.a(*)

.ARM.attributes
                0x00000000       0x30
 *(.ARM.attributes)
 .ARM.attributes
                0x00000000       0x22 c:/ac6/systemworkbench/plugins/fr.ac6.mcu.externaltools.arm-none.win32_1.17.0.201812190825/tools/compiler/bin/../lib/gcc/arm-none-eabi/7.3.1/thumb/v7e-m/fpv4-sp/hard/crti.o
 .ARM.attributes
                0x00000022       0x34 c:/ac6/systemworkbench/plugins/fr.ac6.mcu.externaltools.arm-none.win32_1.17.0.201812190825/tools/compiler/bin/../lib/gcc/arm-none-eabi/7.3.1/thumb/v7e-m/fpv4-sp/hard/crtbegin.o
 .ARM.attributes
                0x00000056       0x39 Drivers/STM32F4xx_HAL_Driver/Src/stm32f4xx_hal.o
 .ARM.attributes
                0x0000008f       0x39 Drivers/STM32F4xx_HAL_Driver/Src/stm32f4xx_hal_cortex.o
 .ARM.attributes
                0x000000c8       0x39 Drivers/STM32F4xx_HAL_Driver/Src/stm32f4xx_hal_dma.o
 .ARM.attributes
                0x00000101       0x39 Drivers/STM32F4xx_HAL_Driver/Src/stm32f4xx_hal_gpio.o
 .ARM.attributes
                0x0000013a       0x39 Drivers/STM32F4xx_HAL_Driver/Src/stm32f4xx_hal_i2c.o
 .ARM.attributes
                0x00000173       0x39 Drivers/STM32F4xx_HAL_Driver/Src/stm32f4xx_hal_rcc.o
 .ARM.attributes
                0x000001ac       0x39 Drivers/STM32F4xx_HAL_Driver/Src/stm32f4xx_hal_tim.o
 .ARM.attributes
                0x000001e5       0x39 Drivers/STM32F4xx_HAL_Driver/Src/stm32f4xx_hal_tim_ex.o
 .ARM.attributes
                0x0000021e       0x39 Drivers/STM32F4xx_HAL_Driver/Src/stm32f4xx_hal_uart.o
 .ARM.attributes
                0x00000257       0x39 Src/DistSensor.o
 .ARM.attributes
                0x00000290       0x39 Src/i2c.o
 .ARM.attributes
                0x000002c9       0x39 Src/main.o
 .ARM.attributes
                0x00000302       0x39 Src/motorstyrning.o
 .ARM.attributes
                0x0000033b       0x39 Src/stm32f4xx_hal_msp.o
 .ARM.attributes
                0x00000374       0x39 Src/stm32f4xx_it.o
 .ARM.attributes
                0x000003ad       0x39 Src/syscalls.o
 .ARM.attributes
                0x000003e6       0x39 Src/system_stm32f4xx.o
 .ARM.attributes
                0x0000041f       0x39 Src/varvtal.o
 .ARM.attributes
                0x00000458       0x39 VL53L0X_1.0.2/Api/core/src/vl53l0x_api.o
 .ARM.attributes
                0x00000491       0x39 VL53L0X_1.0.2/Api/core/src/vl53l0x_api_calibration.o
 .ARM.attributes
                0x000004ca       0x39 VL53L0X_1.0.2/Api/core/src/vl53l0x_api_core.o
 .ARM.attributes
                0x00000503       0x39 VL53L0X_1.0.2/Api/platform/src/vl53l0x_i2c_win_serial_comms.o
 .ARM.attributes
                0x0000053c       0x39 VL53L0X_1.0.2/Api/platform/src/vl53l0x_platform.o
 .ARM.attributes
                0x00000575       0x21 startup/startup_stm32f401xe.o
 .ARM.attributes
                0x00000596       0x22 c:/ac6/systemworkbench/plugins/fr.ac6.mcu.externaltools.arm-none.win32_1.17.0.201812190825/tools/compiler/bin/../lib/gcc/arm-none-eabi/7.3.1/thumb/v7e-m/fpv4-sp/hard\libgcc.a(_arm_addsubdf3.o)
 .ARM.attributes
                0x000005b8       0x22 c:/ac6/systemworkbench/plugins/fr.ac6.mcu.externaltools.arm-none.win32_1.17.0.201812190825/tools/compiler/bin/../lib/gcc/arm-none-eabi/7.3.1/thumb/v7e-m/fpv4-sp/hard\libgcc.a(_arm_muldivdf3.o)
 .ARM.attributes
                0x000005da       0x22 c:/ac6/systemworkbench/plugins/fr.ac6.mcu.externaltools.arm-none.win32_1.17.0.201812190825/tools/compiler/bin/../lib/gcc/arm-none-eabi/7.3.1/thumb/v7e-m/fpv4-sp/hard\libgcc.a(_arm_cmpdf2.o)
 .ARM.attributes
                0x000005fc       0x22 c:/ac6/systemworkbench/plugins/fr.ac6.mcu.externaltools.arm-none.win32_1.17.0.201812190825/tools/compiler/bin/../lib/gcc/arm-none-eabi/7.3.1/thumb/v7e-m/fpv4-sp/hard\libgcc.a(_arm_fixdfsi.o)
 .ARM.attributes
                0x0000061e       0x22 c:/ac6/systemworkbench/plugins/fr.ac6.mcu.externaltools.arm-none.win32_1.17.0.201812190825/tools/compiler/bin/../lib/gcc/arm-none-eabi/7.3.1/thumb/v7e-m/fpv4-sp/hard\libgcc.a(_arm_fixunsdfsi.o)
 .ARM.attributes
                0x00000640       0x22 c:/ac6/systemworkbench/plugins/fr.ac6.mcu.externaltools.arm-none.win32_1.17.0.201812190825/tools/compiler/bin/../lib/gcc/arm-none-eabi/7.3.1/thumb/v7e-m/fpv4-sp/hard\libgcc.a(_aeabi_uldivmod.o)
 .ARM.attributes
                0x00000662       0x34 c:/ac6/systemworkbench/plugins/fr.ac6.mcu.externaltools.arm-none.win32_1.17.0.201812190825/tools/compiler/bin/../lib/gcc/arm-none-eabi/7.3.1/thumb/v7e-m/fpv4-sp/hard\libgcc.a(_udivmoddi4.o)
 .ARM.attributes
                0x00000696       0x22 c:/ac6/systemworkbench/plugins/fr.ac6.mcu.externaltools.arm-none.win32_1.17.0.201812190825/tools/compiler/bin/../lib/gcc/arm-none-eabi/7.3.1/thumb/v7e-m/fpv4-sp/hard\libgcc.a(_dvmd_tls.o)
 .ARM.attributes
                0x000006b8       0x34 c:/ac6/systemworkbench/plugins/fr.ac6.mcu.externaltools.arm-none.win32_1.17.0.201812190825/tools/compiler/bin/../lib/gcc/arm-none-eabi/7.3.1/../../../../arm-none-eabi/lib/thumb/v7e-m/fpv4-sp/hard\libc_nano.a(lib_a-efgcvt.o)
 .ARM.attributes
                0x000006ec       0x34 c:/ac6/systemworkbench/plugins/fr.ac6.mcu.externaltools.arm-none.win32_1.17.0.201812190825/tools/compiler/bin/../lib/gcc/arm-none-eabi/7.3.1/../../../../arm-none-eabi/lib/thumb/v7e-m/fpv4-sp/hard\libc_nano.a(lib_a-errno.o)
 .ARM.attributes
                0x00000720       0x34 c:/ac6/systemworkbench/plugins/fr.ac6.mcu.externaltools.arm-none.win32_1.17.0.201812190825/tools/compiler/bin/../lib/gcc/arm-none-eabi/7.3.1/../../../../arm-none-eabi/lib/thumb/v7e-m/fpv4-sp/hard\libc_nano.a(lib_a-impure.o)
 .ARM.attributes
                0x00000754       0x34 c:/ac6/systemworkbench/plugins/fr.ac6.mcu.externaltools.arm-none.win32_1.17.0.201812190825/tools/compiler/bin/../lib/gcc/arm-none-eabi/7.3.1/../../../../arm-none-eabi/lib/thumb/v7e-m/fpv4-sp/hard\libc_nano.a(lib_a-init.o)
 .ARM.attributes
                0x00000788       0x34 c:/ac6/systemworkbench/plugins/fr.ac6.mcu.externaltools.arm-none.win32_1.17.0.201812190825/tools/compiler/bin/../lib/gcc/arm-none-eabi/7.3.1/../../../../arm-none-eabi/lib/thumb/v7e-m/fpv4-sp/hard\libc_nano.a(lib_a-memset.o)
 .ARM.attributes
                0x000007bc       0x34 c:/ac6/systemworkbench/plugins/fr.ac6.mcu.externaltools.arm-none.win32_1.17.0.201812190825/tools/compiler/bin/../lib/gcc/arm-none-eabi/7.3.1/../../../../arm-none-eabi/lib/thumb/v7e-m/fpv4-sp/hard\libc_nano.a(lib_a-strcpy.o)
 .ARM.attributes
                0x000007f0       0x34 c:/ac6/systemworkbench/plugins/fr.ac6.mcu.externaltools.arm-none.win32_1.17.0.201812190825/tools/compiler/bin/../lib/gcc/arm-none-eabi/7.3.1/../../../../arm-none-eabi/lib/thumb/v7e-m/fpv4-sp/hard\libc_nano.a(lib_a-ecvtbuf.o)
 .ARM.attributes
                0x00000824       0x34 c:/ac6/systemworkbench/plugins/fr.ac6.mcu.externaltools.arm-none.win32_1.17.0.201812190825/tools/compiler/bin/../lib/gcc/arm-none-eabi/7.3.1/../../../../arm-none-eabi/lib/thumb/v7e-m/fpv4-sp/hard\libc_nano.a(lib_a-mprec.o)
 .ARM.attributes
                0x00000858       0x34 c:/ac6/systemworkbench/plugins/fr.ac6.mcu.externaltools.arm-none.win32_1.17.0.201812190825/tools/compiler/bin/../lib/gcc/arm-none-eabi/7.3.1/../../../../arm-none-eabi/lib/thumb/v7e-m/fpv4-sp/hard\libc_nano.a(lib_a-nano-callocr.o)
 .ARM.attributes
                0x0000088c       0x34 c:/ac6/systemworkbench/plugins/fr.ac6.mcu.externaltools.arm-none.win32_1.17.0.201812190825/tools/compiler/bin/../lib/gcc/arm-none-eabi/7.3.1/../../../../arm-none-eabi/lib/thumb/v7e-m/fpv4-sp/hard\libc_nano.a(lib_a-nano-mallocr.o)
 .ARM.attributes
                0x000008c0       0x34 c:/ac6/systemworkbench/plugins/fr.ac6.mcu.externaltools.arm-none.win32_1.17.0.201812190825/tools/compiler/bin/../lib/gcc/arm-none-eabi/7.3.1/../../../../arm-none-eabi/lib/thumb/v7e-m/fpv4-sp/hard\libc_nano.a(lib_a-sbrkr.o)
 .ARM.attributes
                0x000008f4       0x34 c:/ac6/systemworkbench/plugins/fr.ac6.mcu.externaltools.arm-none.win32_1.17.0.201812190825/tools/compiler/bin/../lib/gcc/arm-none-eabi/7.3.1/../../../../arm-none-eabi/lib/thumb/v7e-m/fpv4-sp/hard\libc_nano.a(lib_a-dtoa.o)
 .ARM.attributes
                0x00000928       0x34 c:/ac6/systemworkbench/plugins/fr.ac6.mcu.externaltools.arm-none.win32_1.17.0.201812190825/tools/compiler/bin/../lib/gcc/arm-none-eabi/7.3.1/../../../../arm-none-eabi/lib/thumb/v7e-m/fpv4-sp/hard\libc_nano.a(lib_a-malloc.o)
 .ARM.attributes
                0x0000095c       0x34 c:/ac6/systemworkbench/plugins/fr.ac6.mcu.externaltools.arm-none.win32_1.17.0.201812190825/tools/compiler/bin/../lib/gcc/arm-none-eabi/7.3.1/../../../../arm-none-eabi/lib/thumb/v7e-m/fpv4-sp/hard\libc_nano.a(lib_a-memcpy-stub.o)
 .ARM.attributes
                0x00000990       0x34 c:/ac6/systemworkbench/plugins/fr.ac6.mcu.externaltools.arm-none.win32_1.17.0.201812190825/tools/compiler/bin/../lib/gcc/arm-none-eabi/7.3.1/../../../../arm-none-eabi/lib/thumb/v7e-m/fpv4-sp/hard\libc_nano.a(lib_a-mlock.o)
 .ARM.attributes
                0x000009c4       0x34 c:/ac6/systemworkbench/plugins/fr.ac6.mcu.externaltools.arm-none.win32_1.17.0.201812190825/tools/compiler/bin/../lib/gcc/arm-none-eabi/7.3.1/../../../../arm-none-eabi/lib/thumb/v7e-m/fpv4-sp/hard\libc_nano.a(lib_a-reent.o)
 .ARM.attributes
                0x000009f8       0x22 c:/ac6/systemworkbench/plugins/fr.ac6.mcu.externaltools.arm-none.win32_1.17.0.201812190825/tools/compiler/bin/../lib/gcc/arm-none-eabi/7.3.1/thumb/v7e-m/fpv4-sp/hard/crtn.o
OUTPUT(Kandidatcode.elf elf32-littlearm)

.debug_info     0x00000000    0x2e29f
 .debug_info    0x00000000     0x109e Drivers/STM32F4xx_HAL_Driver/Src/stm32f4xx_hal.o
 .debug_info    0x0000109e     0x16bd Drivers/STM32F4xx_HAL_Driver/Src/stm32f4xx_hal_cortex.o
 .debug_info    0x0000275b     0x1288 Drivers/STM32F4xx_HAL_Driver/Src/stm32f4xx_hal_dma.o
 .debug_info    0x000039e3      0xfc1 Drivers/STM32F4xx_HAL_Driver/Src/stm32f4xx_hal_gpio.o
 .debug_info    0x000049a4     0x382a Drivers/STM32F4xx_HAL_Driver/Src/stm32f4xx_hal_i2c.o
 .debug_info    0x000081ce     0x1298 Drivers/STM32F4xx_HAL_Driver/Src/stm32f4xx_hal_rcc.o
 .debug_info    0x00009466     0x3eac Drivers/STM32F4xx_HAL_Driver/Src/stm32f4xx_hal_tim.o
 .debug_info    0x0000d312     0x1b3c Drivers/STM32F4xx_HAL_Driver/Src/stm32f4xx_hal_tim_ex.o
 .debug_info    0x0000ee4e     0x1f44 Drivers/STM32F4xx_HAL_Driver/Src/stm32f4xx_hal_uart.o
 .debug_info    0x00010d92     0x105b Src/DistSensor.o
 .debug_info    0x00011ded     0x1149 Src/i2c.o
 .debug_info    0x00012f36     0x543b Src/main.o
 .debug_info    0x00018371     0x120a Src/motorstyrning.o
 .debug_info    0x0001957b     0x1bc0 Src/stm32f4xx_hal_msp.o
 .debug_info    0x0001b13b     0x11e2 Src/stm32f4xx_it.o
 .debug_info    0x0001c31d      0xff9 Src/syscalls.o
 .debug_info    0x0001d316      0xd53 Src/system_stm32f4xx.o
 .debug_info    0x0001e069     0x1283 Src/varvtal.o
 .debug_info    0x0001f2ec     0x5472 VL53L0X_1.0.2/Api/core/src/vl53l0x_api.o
 .debug_info    0x0002475e     0x2b5e VL53L0X_1.0.2/Api/core/src/vl53l0x_api_calibration.o
 .debug_info    0x000272bc     0x3e01 VL53L0X_1.0.2/Api/core/src/vl53l0x_api_core.o
 .debug_info    0x0002b0bd     0x1d35 VL53L0X_1.0.2/Api/platform/src/vl53l0x_i2c_win_serial_comms.o
 .debug_info    0x0002cdf2     0x148b VL53L0X_1.0.2/Api/platform/src/vl53l0x_platform.o
 .debug_info    0x0002e27d       0x22 startup/startup_stm32f401xe.o

.debug_abbrev   0x00000000     0x4dfa
 .debug_abbrev  0x00000000      0x30c Drivers/STM32F4xx_HAL_Driver/Src/stm32f4xx_hal.o
 .debug_abbrev  0x0000030c      0x3ce Drivers/STM32F4xx_HAL_Driver/Src/stm32f4xx_hal_cortex.o
 .debug_abbrev  0x000006da      0x393 Drivers/STM32F4xx_HAL_Driver/Src/stm32f4xx_hal_dma.o
 .debug_abbrev  0x00000a6d      0x2b4 Drivers/STM32F4xx_HAL_Driver/Src/stm32f4xx_hal_gpio.o
 .debug_abbrev  0x00000d21      0x42d Drivers/STM32F4xx_HAL_Driver/Src/stm32f4xx_hal_i2c.o
 .debug_abbrev  0x0000114e      0x378 Drivers/STM32F4xx_HAL_Driver/Src/stm32f4xx_hal_rcc.o
 .debug_abbrev  0x000014c6      0x3fb Drivers/STM32F4xx_HAL_Driver/Src/stm32f4xx_hal_tim.o
 .debug_abbrev  0x000018c1      0x371 Drivers/STM32F4xx_HAL_Driver/Src/stm32f4xx_hal_tim_ex.o
 .debug_abbrev  0x00001c32      0x3f0 Drivers/STM32F4xx_HAL_Driver/Src/stm32f4xx_hal_uart.o
 .debug_abbrev  0x00002022      0x245 Src/DistSensor.o
 .debug_abbrev  0x00002267      0x243 Src/i2c.o
 .debug_abbrev  0x000024aa      0x555 Src/main.o
 .debug_abbrev  0x000029ff      0x277 Src/motorstyrning.o
 .debug_abbrev  0x00002c76      0x2eb Src/stm32f4xx_hal_msp.o
 .debug_abbrev  0x00002f61      0x2c4 Src/stm32f4xx_it.o
 .debug_abbrev  0x00003225      0x312 Src/syscalls.o
 .debug_abbrev  0x00003537      0x205 Src/system_stm32f4xx.o
 .debug_abbrev  0x0000373c      0x344 Src/varvtal.o
 .debug_abbrev  0x00003a80      0x470 VL53L0X_1.0.2/Api/core/src/vl53l0x_api.o
 .debug_abbrev  0x00003ef0      0x402 VL53L0X_1.0.2/Api/core/src/vl53l0x_api_calibration.o
 .debug_abbrev  0x000042f2      0x45c VL53L0X_1.0.2/Api/core/src/vl53l0x_api_core.o
 .debug_abbrev  0x0000474e      0x3c3 VL53L0X_1.0.2/Api/platform/src/vl53l0x_i2c_win_serial_comms.o
 .debug_abbrev  0x00004b11      0x2d7 VL53L0X_1.0.2/Api/platform/src/vl53l0x_platform.o
 .debug_abbrev  0x00004de8       0x12 startup/startup_stm32f401xe.o

.debug_loc      0x00000000    0x18212
 .debug_loc     0x00000000       0x69 Drivers/STM32F4xx_HAL_Driver/Src/stm32f4xx_hal.o
 .debug_loc     0x00000069      0x5c9 Drivers/STM32F4xx_HAL_Driver/Src/stm32f4xx_hal_cortex.o
 .debug_loc     0x00000632      0x7e1 Drivers/STM32F4xx_HAL_Driver/Src/stm32f4xx_hal_dma.o
 .debug_loc     0x00000e13      0x4af Drivers/STM32F4xx_HAL_Driver/Src/stm32f4xx_hal_gpio.o
 .debug_loc     0x000012c2     0x3035 Drivers/STM32F4xx_HAL_Driver/Src/stm32f4xx_hal_i2c.o
 .debug_loc     0x000042f7      0x378 Drivers/STM32F4xx_HAL_Driver/Src/stm32f4xx_hal_rcc.o
 .debug_loc     0x0000466f     0x3e9f Drivers/STM32F4xx_HAL_Driver/Src/stm32f4xx_hal_tim.o
 .debug_loc     0x0000850e      0xdfa Drivers/STM32F4xx_HAL_Driver/Src/stm32f4xx_hal_tim_ex.o
 .debug_loc     0x00009308     0x1554 Drivers/STM32F4xx_HAL_Driver/Src/stm32f4xx_hal_uart.o
 .debug_loc     0x0000a85c       0x58 Src/DistSensor.o
 .debug_loc     0x0000a8b4     0x1b12 Src/main.o
 .debug_loc     0x0000c3c6      0x17b Src/motorstyrning.o
 .debug_loc     0x0000c541      0x122 Src/stm32f4xx_hal_msp.o
 .debug_loc     0x0000c663      0x3b7 Src/syscalls.o
 .debug_loc     0x0000ca1a      0x14c Src/system_stm32f4xx.o
 .debug_loc     0x0000cb66      0x52f Src/varvtal.o
 .debug_loc     0x0000d095     0x4266 VL53L0X_1.0.2/Api/core/src/vl53l0x_api.o
 .debug_loc     0x000112fb     0x2003 VL53L0X_1.0.2/Api/core/src/vl53l0x_api_calibration.o
 .debug_loc     0x000132fe     0x3ec0 VL53L0X_1.0.2/Api/core/src/vl53l0x_api_core.o
 .debug_loc     0x000171be      0x9c8 VL53L0X_1.0.2/Api/platform/src/vl53l0x_i2c_win_serial_comms.o
 .debug_loc     0x00017b86      0x68c VL53L0X_1.0.2/Api/platform/src/vl53l0x_platform.o

.debug_aranges  0x00000000     0x1330
 .debug_aranges
                0x00000000       0xc0 Drivers/STM32F4xx_HAL_Driver/Src/stm32f4xx_hal.o
 .debug_aranges
                0x000000c0       0xa8 Drivers/STM32F4xx_HAL_Driver/Src/stm32f4xx_hal_cortex.o
 .debug_aranges
                0x00000168       0x78 Drivers/STM32F4xx_HAL_Driver/Src/stm32f4xx_hal_dma.o
 .debug_aranges
                0x000001e0       0x58 Drivers/STM32F4xx_HAL_Driver/Src/stm32f4xx_hal_gpio.o
 .debug_aranges
                0x00000238      0x188 Drivers/STM32F4xx_HAL_Driver/Src/stm32f4xx_hal_i2c.o
 .debug_aranges
                0x000003c0       0x88 Drivers/STM32F4xx_HAL_Driver/Src/stm32f4xx_hal_rcc.o
 .debug_aranges
                0x00000448      0x250 Drivers/STM32F4xx_HAL_Driver/Src/stm32f4xx_hal_tim.o
 .debug_aranges
                0x00000698       0xe8 Drivers/STM32F4xx_HAL_Driver/Src/stm32f4xx_hal_tim_ex.o
 .debug_aranges
                0x00000780      0x168 Drivers/STM32F4xx_HAL_Driver/Src/stm32f4xx_hal_uart.o
 .debug_aranges
                0x000008e8       0x20 Src/DistSensor.o
 .debug_aranges
                0x00000908       0x20 Src/i2c.o
 .debug_aranges
                0x00000928      0x160 Src/main.o
 .debug_aranges
                0x00000a88       0x68 Src/motorstyrning.o
 .debug_aranges
                0x00000af0       0x58 Src/stm32f4xx_hal_msp.o
 .debug_aranges
                0x00000b48       0x80 Src/stm32f4xx_it.o
 .debug_aranges
                0x00000bc8       0xb0 Src/syscalls.o
 .debug_aranges
                0x00000c78       0x28 Src/system_stm32f4xx.o
 .debug_aranges
                0x00000ca0       0x80 Src/varvtal.o
 .debug_aranges
                0x00000d20      0x308 VL53L0X_1.0.2/Api/core/src/vl53l0x_api.o
 .debug_aranges
                0x00001028       0xd0 VL53L0X_1.0.2/Api/core/src/vl53l0x_api_calibration.o
 .debug_aranges
                0x000010f8       0xf0 VL53L0X_1.0.2/Api/core/src/vl53l0x_api_core.o
 .debug_aranges
                0x000011e8       0xb8 VL53L0X_1.0.2/Api/platform/src/vl53l0x_i2c_win_serial_comms.o
 .debug_aranges
                0x000012a0       0x68 VL53L0X_1.0.2/Api/platform/src/vl53l0x_platform.o
 .debug_aranges
                0x00001308       0x28 startup/startup_stm32f401xe.o

.debug_ranges   0x00000000     0x2910
 .debug_ranges  0x00000000       0xb0 Drivers/STM32F4xx_HAL_Driver/Src/stm32f4xx_hal.o
 .debug_ranges  0x000000b0      0x138 Drivers/STM32F4xx_HAL_Driver/Src/stm32f4xx_hal_cortex.o
 .debug_ranges  0x000001e8      0x100 Drivers/STM32F4xx_HAL_Driver/Src/stm32f4xx_hal_dma.o
 .debug_ranges  0x000002e8       0x60 Drivers/STM32F4xx_HAL_Driver/Src/stm32f4xx_hal_gpio.o
 .debug_ranges  0x00000348      0x460 Drivers/STM32F4xx_HAL_Driver/Src/stm32f4xx_hal_i2c.o
 .debug_ranges  0x000007a8       0xe8 Drivers/STM32F4xx_HAL_Driver/Src/stm32f4xx_hal_rcc.o
 .debug_ranges  0x00000890      0x440 Drivers/STM32F4xx_HAL_Driver/Src/stm32f4xx_hal_tim.o
 .debug_ranges  0x00000cd0       0xd8 Drivers/STM32F4xx_HAL_Driver/Src/stm32f4xx_hal_tim_ex.o
 .debug_ranges  0x00000da8      0x1a0 Drivers/STM32F4xx_HAL_Driver/Src/stm32f4xx_hal_uart.o
 .debug_ranges  0x00000f48       0x10 Src/DistSensor.o
 .debug_ranges  0x00000f58       0x10 Src/i2c.o
 .debug_ranges  0x00000f68      0x9f0 Src/main.o
 .debug_ranges  0x00001958       0x58 Src/motorstyrning.o
 .debug_ranges  0x000019b0      0x138 Src/stm32f4xx_hal_msp.o
 .debug_ranges  0x00001ae8       0x70 Src/stm32f4xx_it.o
 .debug_ranges  0x00001b58       0xa0 Src/syscalls.o
 .debug_ranges  0x00001bf8       0x18 Src/system_stm32f4xx.o
 .debug_ranges  0x00001c10      0x180 Src/varvtal.o
 .debug_ranges  0x00001d90      0x440 VL53L0X_1.0.2/Api/core/src/vl53l0x_api.o
 .debug_ranges  0x000021d0      0x1e0 VL53L0X_1.0.2/Api/core/src/vl53l0x_api_calibration.o
 .debug_ranges  0x000023b0      0x3b0 VL53L0X_1.0.2/Api/core/src/vl53l0x_api_core.o
 .debug_ranges  0x00002760      0x138 VL53L0X_1.0.2/Api/platform/src/vl53l0x_i2c_win_serial_comms.o
 .debug_ranges  0x00002898       0x58 VL53L0X_1.0.2/Api/platform/src/vl53l0x_platform.o
 .debug_ranges  0x000028f0       0x20 startup/startup_stm32f401xe.o

.debug_macro    0x00000000    0x1a0c2
 .debug_macro   0x00000000      0x390 Drivers/STM32F4xx_HAL_Driver/Src/stm32f4xx_hal.o
 .debug_macro   0x00000390      0xa60 Drivers/STM32F4xx_HAL_Driver/Src/stm32f4xx_hal.o
 .debug_macro   0x00000df0      0x192 Drivers/STM32F4xx_HAL_Driver/Src/stm32f4xx_hal.o
 .debug_macro   0x00000f82       0x32 Drivers/STM32F4xx_HAL_Driver/Src/stm32f4xx_hal.o
 .debug_macro   0x00000fb4       0x28 Drivers/STM32F4xx_HAL_Driver/Src/stm32f4xx_hal.o
 .debug_macro   0x00000fdc       0x22 Drivers/STM32F4xx_HAL_Driver/Src/stm32f4xx_hal.o
 .debug_macro   0x00000ffe       0x8e Drivers/STM32F4xx_HAL_Driver/Src/stm32f4xx_hal.o
 .debug_macro   0x0000108c       0x51 Drivers/STM32F4xx_HAL_Driver/Src/stm32f4xx_hal.o
 .debug_macro   0x000010dd       0xef Drivers/STM32F4xx_HAL_Driver/Src/stm32f4xx_hal.o
 .debug_macro   0x000011cc       0x6a Drivers/STM32F4xx_HAL_Driver/Src/stm32f4xx_hal.o
 .debug_macro   0x00001236      0x1df Drivers/STM32F4xx_HAL_Driver/Src/stm32f4xx_hal.o
 .debug_macro   0x00001415       0x35 Drivers/STM32F4xx_HAL_Driver/Src/stm32f4xx_hal.o
 .debug_macro   0x0000144a       0x50 Drivers/STM32F4xx_HAL_Driver/Src/stm32f4xx_hal.o
 .debug_macro   0x0000149a      0xe66 Drivers/STM32F4xx_HAL_Driver/Src/stm32f4xx_hal.o
 .debug_macro   0x00002300     0xb71c Drivers/STM32F4xx_HAL_Driver/Src/stm32f4xx_hal.o
 .debug_macro   0x0000da1c       0x43 Drivers/STM32F4xx_HAL_Driver/Src/stm32f4xx_hal.o
 .debug_macro   0x0000da5f     0x3535 Drivers/STM32F4xx_HAL_Driver/Src/stm32f4xx_hal.o
 .debug_macro   0x00010f94       0x5e Drivers/STM32F4xx_HAL_Driver/Src/stm32f4xx_hal.o
 .debug_macro   0x00010ff2       0x18 Drivers/STM32F4xx_HAL_Driver/Src/stm32f4xx_hal.o
 .debug_macro   0x0001100a       0x35 Drivers/STM32F4xx_HAL_Driver/Src/stm32f4xx_hal.o
 .debug_macro   0x0001103f       0x34 Drivers/STM32F4xx_HAL_Driver/Src/stm32f4xx_hal.o
 .debug_macro   0x00011073       0x16 Drivers/STM32F4xx_HAL_Driver/Src/stm32f4xx_hal.o
 .debug_macro   0x00011089       0x97 Drivers/STM32F4xx_HAL_Driver/Src/stm32f4xx_hal.o
 .debug_macro   0x00011120      0x330 Drivers/STM32F4xx_HAL_Driver/Src/stm32f4xx_hal.o
 .debug_macro   0x00011450       0xfd Drivers/STM32F4xx_HAL_Driver/Src/stm32f4xx_hal.o
 .debug_macro   0x0001154d       0x10 Drivers/STM32F4xx_HAL_Driver/Src/stm32f4xx_hal.o
 .debug_macro   0x0001155d       0x58 Drivers/STM32F4xx_HAL_Driver/Src/stm32f4xx_hal.o
 .debug_macro   0x000115b5       0x1f Drivers/STM32F4xx_HAL_Driver/Src/stm32f4xx_hal.o
 .debug_macro   0x000115d4       0x43 Drivers/STM32F4xx_HAL_Driver/Src/stm32f4xx_hal.o
 .debug_macro   0x00011617       0x20 Drivers/STM32F4xx_HAL_Driver/Src/stm32f4xx_hal.o
 .debug_macro   0x00011637      0x18e Drivers/STM32F4xx_HAL_Driver/Src/stm32f4xx_hal.o
 .debug_macro   0x000117c5       0x10 Drivers/STM32F4xx_HAL_Driver/Src/stm32f4xx_hal.o
 .debug_macro   0x000117d5       0x1c Drivers/STM32F4xx_HAL_Driver/Src/stm32f4xx_hal.o
 .debug_macro   0x000117f1       0x52 Drivers/STM32F4xx_HAL_Driver/Src/stm32f4xx_hal.o
 .debug_macro   0x00011843       0x40 Drivers/STM32F4xx_HAL_Driver/Src/stm32f4xx_hal.o
 .debug_macro   0x00011883       0x10 Drivers/STM32F4xx_HAL_Driver/Src/stm32f4xx_hal.o
 .debug_macro   0x00011893       0x40 Drivers/STM32F4xx_HAL_Driver/Src/stm32f4xx_hal.o
 .debug_macro   0x000118d3       0xd7 Drivers/STM32F4xx_HAL_Driver/Src/stm32f4xx_hal.o
 .debug_macro   0x000119aa       0x1c Drivers/STM32F4xx_HAL_Driver/Src/stm32f4xx_hal.o
 .debug_macro   0x000119c6       0x3d Drivers/STM32F4xx_HAL_Driver/Src/stm32f4xx_hal.o
 .debug_macro   0x00011a03       0x16 Drivers/STM32F4xx_HAL_Driver/Src/stm32f4xx_hal.o
 .debug_macro   0x00011a19      0x16f Drivers/STM32F4xx_HAL_Driver/Src/stm32f4xx_hal.o
 .debug_macro   0x00011b88       0x50 Drivers/STM32F4xx_HAL_Driver/Src/stm32f4xx_hal.o
 .debug_macro   0x00011bd8      0x416 Drivers/STM32F4xx_HAL_Driver/Src/stm32f4xx_hal.o
 .debug_macro   0x00011fee      0x9e6 Drivers/STM32F4xx_HAL_Driver/Src/stm32f4xx_hal.o
 .debug_macro   0x000129d4      0x11e Drivers/STM32F4xx_HAL_Driver/Src/stm32f4xx_hal.o
 .debug_macro   0x00012af2       0xf8 Drivers/STM32F4xx_HAL_Driver/Src/stm32f4xx_hal.o
 .debug_macro   0x00012bea       0x27 Drivers/STM32F4xx_HAL_Driver/Src/stm32f4xx_hal.o
 .debug_macro   0x00012c11      0x287 Drivers/STM32F4xx_HAL_Driver/Src/stm32f4xx_hal.o
 .debug_macro   0x00012e98       0x5f Drivers/STM32F4xx_HAL_Driver/Src/stm32f4xx_hal.o
 .debug_macro   0x00012ef7      0x23a Drivers/STM32F4xx_HAL_Driver/Src/stm32f4xx_hal.o
 .debug_macro   0x00013131      0x13a Drivers/STM32F4xx_HAL_Driver/Src/stm32f4xx_hal.o
 .debug_macro   0x0001326b      0x264 Drivers/STM32F4xx_HAL_Driver/Src/stm32f4xx_hal.o
 .debug_macro   0x000134cf       0x2e Drivers/STM32F4xx_HAL_Driver/Src/stm32f4xx_hal.o
 .debug_macro   0x000134fd      0x1a7 Drivers/STM32F4xx_HAL_Driver/Src/stm32f4xx_hal.o
 .debug_macro   0x000136a4       0x22 Drivers/STM32F4xx_HAL_Driver/Src/stm32f4xx_hal.o
 .debug_macro   0x000136c6       0xa5 Drivers/STM32F4xx_HAL_Driver/Src/stm32f4xx_hal.o
 .debug_macro   0x0001376b      0x11e Drivers/STM32F4xx_HAL_Driver/Src/stm32f4xx_hal.o
 .debug_macro   0x00013889       0x85 Drivers/STM32F4xx_HAL_Driver/Src/stm32f4xx_hal.o
 .debug_macro   0x0001390e       0x89 Drivers/STM32F4xx_HAL_Driver/Src/stm32f4xx_hal.o
 .debug_macro   0x00013997      0x6e0 Drivers/STM32F4xx_HAL_Driver/Src/stm32f4xx_hal.o
 .debug_macro   0x00014077       0x59 Drivers/STM32F4xx_HAL_Driver/Src/stm32f4xx_hal.o
 .debug_macro   0x000140d0      0x14d Drivers/STM32F4xx_HAL_Driver/Src/stm32f4xx_hal.o